Archive member included to satisfy reference by file (symbol)

c:/program files (x86)/gnu tools arm embedded/6 2017-q2-update/bin/../lib/gcc/arm-none-eabi/6.3.1/../../../../arm-none-eabi/lib/thumb/v7e-m/fpv4-sp/hard\libc_nano.a(lib_a-exit.o)
                              c:/program files (x86)/gnu tools arm embedded/6 2017-q2-update/bin/../lib/gcc/arm-none-eabi/6.3.1/../../../../arm-none-eabi/lib/thumb/v7e-m/fpv4-sp/hard/crt0.o (exit)
c:/program files (x86)/gnu tools arm embedded/6 2017-q2-update/bin/../lib/gcc/arm-none-eabi/6.3.1/../../../../arm-none-eabi/lib/thumb/v7e-m/fpv4-sp/hard\libc_nano.a(lib_a-impure.o)
                              c:/program files (x86)/gnu tools arm embedded/6 2017-q2-update/bin/../lib/gcc/arm-none-eabi/6.3.1/../../../../arm-none-eabi/lib/thumb/v7e-m/fpv4-sp/hard\libc_nano.a(lib_a-exit.o) (_global_impure_ptr)
c:/program files (x86)/gnu tools arm embedded/6 2017-q2-update/bin/../lib/gcc/arm-none-eabi/6.3.1/../../../../arm-none-eabi/lib/thumb/v7e-m/fpv4-sp/hard\libc_nano.a(lib_a-init.o)
                              c:/program files (x86)/gnu tools arm embedded/6 2017-q2-update/bin/../lib/gcc/arm-none-eabi/6.3.1/../../../../arm-none-eabi/lib/thumb/v7e-m/fpv4-sp/hard/crt0.o (__libc_init_array)
c:/program files (x86)/gnu tools arm embedded/6 2017-q2-update/bin/../lib/gcc/arm-none-eabi/6.3.1/../../../../arm-none-eabi/lib/thumb/v7e-m/fpv4-sp/hard\libc_nano.a(lib_a-locale.o)
                              _build/nrf52832_xxaa/nrf_log_str_formatter.c.o (__locale_ctype_ptr)
c:/program files (x86)/gnu tools arm embedded/6 2017-q2-update/bin/../lib/gcc/arm-none-eabi/6.3.1/../../../../arm-none-eabi/lib/thumb/v7e-m/fpv4-sp/hard\libc_nano.a(lib_a-mbtowc_r.o)
                              c:/program files (x86)/gnu tools arm embedded/6 2017-q2-update/bin/../lib/gcc/arm-none-eabi/6.3.1/../../../../arm-none-eabi/lib/thumb/v7e-m/fpv4-sp/hard\libc_nano.a(lib_a-locale.o) (__ascii_mbtowc)
c:/program files (x86)/gnu tools arm embedded/6 2017-q2-update/bin/../lib/gcc/arm-none-eabi/6.3.1/../../../../arm-none-eabi/lib/thumb/v7e-m/fpv4-sp/hard\libc_nano.a(lib_a-memcpy-stub.o)
                              _build/nrf52832_xxaa/nrf_log_frontend.c.o (memcpy)
c:/program files (x86)/gnu tools arm embedded/6 2017-q2-update/bin/../lib/gcc/arm-none-eabi/6.3.1/../../../../arm-none-eabi/lib/thumb/v7e-m/fpv4-sp/hard\libc_nano.a(lib_a-memset.o)
                              c:/program files (x86)/gnu tools arm embedded/6 2017-q2-update/bin/../lib/gcc/arm-none-eabi/6.3.1/../../../../arm-none-eabi/lib/thumb/v7e-m/fpv4-sp/hard/crt0.o (memset)
c:/program files (x86)/gnu tools arm embedded/6 2017-q2-update/bin/../lib/gcc/arm-none-eabi/6.3.1/../../../../arm-none-eabi/lib/thumb/v7e-m/fpv4-sp/hard\libc_nano.a(lib_a-nano-vfprintf_float.o)
                              (_printf_float)
c:/program files (x86)/gnu tools arm embedded/6 2017-q2-update/bin/../lib/gcc/arm-none-eabi/6.3.1/../../../../arm-none-eabi/lib/thumb/v7e-m/fpv4-sp/hard\libc_nano.a(lib_a-nano-vfprintf_i.o)
                              c:/program files (x86)/gnu tools arm embedded/6 2017-q2-update/bin/../lib/gcc/arm-none-eabi/6.3.1/../../../../arm-none-eabi/lib/thumb/v7e-m/fpv4-sp/hard\libc_nano.a(lib_a-nano-vfprintf_float.o) (_printf_common)
c:/program files (x86)/gnu tools arm embedded/6 2017-q2-update/bin/../lib/gcc/arm-none-eabi/6.3.1/../../../../arm-none-eabi/lib/thumb/v7e-m/fpv4-sp/hard\libc_nano.a(lib_a-sprintf.o)
                              _build/nrf52832_xxaa/mpu9250.c.o (sprintf)
c:/program files (x86)/gnu tools arm embedded/6 2017-q2-update/bin/../lib/gcc/arm-none-eabi/6.3.1/../../../../arm-none-eabi/lib/thumb/v7e-m/fpv4-sp/hard\libc_nano.a(lib_a-strcmp.o)
                              c:/program files (x86)/gnu tools arm embedded/6 2017-q2-update/bin/../lib/gcc/arm-none-eabi/6.3.1/../../../../arm-none-eabi/lib/thumb/v7e-m/fpv4-sp/hard\libc_nano.a(lib_a-locale.o) (strcmp)
c:/program files (x86)/gnu tools arm embedded/6 2017-q2-update/bin/../lib/gcc/arm-none-eabi/6.3.1/../../../../arm-none-eabi/lib/thumb/v7e-m/fpv4-sp/hard\libc_nano.a(lib_a-strcpy.o)
                              _build/nrf52832_xxaa/SEGGER_RTT.c.o (strcpy)
c:/program files (x86)/gnu tools arm embedded/6 2017-q2-update/bin/../lib/gcc/arm-none-eabi/6.3.1/../../../../arm-none-eabi/lib/thumb/v7e-m/fpv4-sp/hard\libc_nano.a(lib_a-strlen.o)
                              _build/nrf52832_xxaa/nrf_log_frontend.c.o (strlen)
c:/program files (x86)/gnu tools arm embedded/6 2017-q2-update/bin/../lib/gcc/arm-none-eabi/6.3.1/../../../../arm-none-eabi/lib/thumb/v7e-m/fpv4-sp/hard\libc_nano.a(lib_a-wctomb_r.o)
                              c:/program files (x86)/gnu tools arm embedded/6 2017-q2-update/bin/../lib/gcc/arm-none-eabi/6.3.1/../../../../arm-none-eabi/lib/thumb/v7e-m/fpv4-sp/hard\libc_nano.a(lib_a-locale.o) (__ascii_wctomb)
[...]
Memory Configuration

Name             Origin             Length             Attributes
FLASH            0x00023000         0x0005d000         xr
RAM              0x20002180         0x0000de80         xrw
*default*        0x00000000         0xffffffff

Linker script and memory map


.text           0x00023000    0x12274
 *(.isr_vector)
 .isr_vector    0x00023000      0x200 _build/nrf52832_xxaa/gcc_startup_nrf52.S.o
                0x00023000                __isr_vector
 *(.text*)
 .text          0x00023200       0x6c c:/program files (x86)/gnu tools arm embedded/6 2017-q2-update/bin/../lib/gcc/arm-none-eabi/6.3.1/thumb/v7e-m/fpv4-sp/hard/crtbegin.o
 .text          0x0002326c       0x74 c:/program files (x86)/gnu tools arm embedded/6 2017-q2-update/bin/../lib/gcc/arm-none-eabi/6.3.1/../../../../arm-none-eabi/lib/thumb/v7e-m/fpv4-sp/hard/crt0.o
                0x0002326c                _start
                0x0002326c                _mainCRTStartup
 .text.nrf_log_backend_rtt_init
                0x000232e0        0xc _build/nrf52832_xxaa/nrf_log_backend_rtt.c.o
                0x000232e0                nrf_log_backend_rtt_init
 .text.serial_tx
                0x000232ec       0x60 _build/nrf52832_xxaa/nrf_log_backend_rtt.c.o
 .text.nrf_log_backend_rtt_put
                0x0002334c       0x2c _build/nrf52832_xxaa/nrf_log_backend_rtt.c.o
 .text.nrf_log_backend_rtt_flush
                0x00023378       0x14 _build/nrf52832_xxaa/nrf_log_backend_rtt.c.o
 .text.nrf_log_backend_rtt_panic_set
                0x0002338c       0x14 _build/nrf52832_xxaa/nrf_log_backend_rtt.c.o
 .text.nrf_log_backend_serial_put
                0x000233a0      0x15e _build/nrf52832_xxaa/nrf_log_backend_serial.c.o
                0x000233a0                nrf_log_backend_serial_put
 .text.nrf_log_backend_enable
                0x000234fe       0x1a _build/nrf52832_xxaa/nrf_log_default_backends.c.o
 .text.nrf_log_default_backends_init
                0x00023518       0x2c _build/nrf52832_xxaa/nrf_log_default_backends.c.o
                0x00023518                nrf_log_default_backends_init
 .text.nrf_log_backend_put
                0x00023544       0x1e _build/nrf52832_xxaa/nrf_log_frontend.c.o
 .text.nrf_log_backend_panic_set
                0x00023562       0x1a _build/nrf52832_xxaa/nrf_log_frontend.c.o
 .text.nrf_log_backend_id_set
                0x0002357c       0x1e _build/nrf52832_xxaa/nrf_log_frontend.c.o
 .text.nrf_log_backend_id_get
                0x0002359a       0x18 _build/nrf52832_xxaa/nrf_log_frontend.c.o
 .text.nrf_log_backend_enable
                0x000235b2       0x1a _build/nrf52832_xxaa/nrf_log_frontend.c.o
 .text.nrf_log_backend_is_enabled
                0x000235cc       0x18 _build/nrf52832_xxaa/nrf_log_frontend.c.o
 .text.nrf_atomic_u32_or
                0x000235e4       0x32 _build/nrf52832_xxaa/nrf_log_frontend.c.o
 .text.nrf_atomic_u32_fetch_and
                0x00023616       0x32 _build/nrf52832_xxaa/nrf_log_frontend.c.o
 .text.nrf_atomic_flag_set
                0x00023648       0x1a _build/nrf52832_xxaa/nrf_log_frontend.c.o
 .text.nrf_atomic_flag_clear_fetch
                0x00023662       0x1a _build/nrf52832_xxaa/nrf_log_frontend.c.o
 .text.nrf_log_init
                0x0002367c       0x9c _build/nrf52832_xxaa/nrf_log_frontend.c.o
                0x0002367c                nrf_log_init
 .text.nrf_log_module_cnt_get
                0x00023718       0x20 _build/nrf52832_xxaa/nrf_log_frontend.c.o
                0x00023718                nrf_log_module_cnt_get
 .text.module_idx_get
                0x00023738       0x68 _build/nrf52832_xxaa/nrf_log_frontend.c.o
 .text.nrf_log_module_name_get
                0x000237a0       0x3c _build/nrf52832_xxaa/nrf_log_frontend.c.o
                0x000237a0                nrf_log_module_name_get
 .text.nrf_log_color_id_get
                0x000237dc       0x68 _build/nrf52832_xxaa/nrf_log_frontend.c.o
                0x000237dc                nrf_log_color_id_get
 .text.nrf_log_module_filter_set
                0x00023844       0x1a _build/nrf52832_xxaa/nrf_log_frontend.c.o
                0x00023844                nrf_log_module_filter_set
 *fill*         0x0002385e        0x2 
 .text.nrf_log_module_filter_get
                0x00023860       0x58 _build/nrf52832_xxaa/nrf_log_frontend.c.o
                0x00023860                nrf_log_module_filter_get
 .text.log_skip
                0x000238b8      0x108 _build/nrf52832_xxaa/nrf_log_frontend.c.o
 .text.std_header_set
                0x000239c0       0xac _build/nrf52832_xxaa/nrf_log_frontend.c.o
 .text.buf_prealloc
                0x00023a6c       0x90 _build/nrf52832_xxaa/nrf_log_frontend.c.o
 .text.std_n    0x00023afc       0x88 _build/nrf52832_xxaa/nrf_log_frontend.c.o
 .text.nrf_log_frontend_std_0
                0x00023b84       0x1e _build/nrf52832_xxaa/nrf_log_frontend.c.o
                0x00023b84                nrf_log_frontend_std_0
 .text.nrf_log_frontend_std_1
                0x00023ba2       0x26 _build/nrf52832_xxaa/nrf_log_frontend.c.o
                0x00023ba2                nrf_log_frontend_std_1
 .text.nrf_log_frontend_std_2
                0x00023bc8       0x2c _build/nrf52832_xxaa/nrf_log_frontend.c.o
                0x00023bc8                nrf_log_frontend_std_2
 .text.buffer_is_empty
                0x00023bf4       0x24 _build/nrf52832_xxaa/nrf_log_frontend.c.o
                0x00023bf4                buffer_is_empty
 .text.nrf_log_frontend_dequeue
                0x00023c18      0x318 _build/nrf52832_xxaa/nrf_log_frontend.c.o
                0x00023c18                nrf_log_frontend_dequeue
 .text.backend_id_assign
                0x00023f30       0x64 _build/nrf52832_xxaa/nrf_log_frontend.c.o
 .text.nrf_log_backend_add
                0x00023f94       0xb0 _build/nrf52832_xxaa/nrf_log_frontend.c.o
                0x00023f94                nrf_log_backend_add
 .text.nrf_log_panic
                0x00024044       0x3c _build/nrf52832_xxaa/nrf_log_frontend.c.o
                0x00024044                nrf_log_panic
 .text.prefix_process
                0x00024080       0x84 _build/nrf52832_xxaa/nrf_log_str_formatter.c.o
 .text.postfix_process
                0x00024104       0x64 _build/nrf52832_xxaa/nrf_log_str_formatter.c.o
 .text.nrf_log_std_entry_process
                0x00024168      0x144 _build/nrf52832_xxaa/nrf_log_str_formatter.c.o
                0x00024168                nrf_log_std_entry_process
 .text.nrf_log_hexdump_entry_process
                0x000242ac       0xe8 _build/nrf52832_xxaa/nrf_log_str_formatter.c.o
                0x000242ac                nrf_log_hexdump_entry_process
 .text.app_error_handler
                0x00024394       0x32 _build/nrf52832_xxaa/app_error.c.o
                0x00024394                app_error_handler
 *fill*         0x000243c6        0x2 
 .text.app_error_save_and_stop
                0x000243c8       0x9c _build/nrf52832_xxaa/app_error.c.o
                0x000243c8                app_error_save_and_stop
 .text.app_error_fault_handler
                0x00024464       0x5c _build/nrf52832_xxaa/app_error_weak.c.o
                0x00024464                app_error_fault_handler
 .text.is_word_aligned
                0x000244c0       0x24 _build/nrf52832_xxaa/app_scheduler.c.o
 .text.next_index
                0x000244e4       0x30 _build/nrf52832_xxaa/app_scheduler.c.o
 .text.app_sched_queue_full
                0x00024514       0x38 _build/nrf52832_xxaa/app_scheduler.c.o
 .text.app_sched_queue_empty
                0x0002454c       0x34 _build/nrf52832_xxaa/app_scheduler.c.o
 .text.app_sched_init
                0x00024580       0x7c _build/nrf52832_xxaa/app_scheduler.c.o
                0x00024580                app_sched_init
 .text.app_sched_event_put
                0x000245fc       0xe0 _build/nrf52832_xxaa/app_scheduler.c.o
                0x000245fc                app_sched_event_put
 .text.is_app_sched_paused
                0x000246dc       0x10 _build/nrf52832_xxaa/app_scheduler.c.o
 .text.app_sched_execute
                0x000246ec       0x90 _build/nrf52832_xxaa/app_scheduler.c.o
                0x000246ec                app_sched_execute
 .text.NVIC_EnableIRQ
                0x0002477c       0x34 _build/nrf52832_xxaa/app_timer.c.o
 .text.NVIC_DisableIRQ
                0x000247b0       0x34 _build/nrf52832_xxaa/app_timer.c.o
 .text.NVIC_SetPendingIRQ
                0x000247e4       0x34 _build/nrf52832_xxaa/app_timer.c.o
 .text.NVIC_ClearPendingIRQ
                0x00024818       0x34 _build/nrf52832_xxaa/app_timer.c.o
 .text.NVIC_SetPriority
                0x0002484c       0x54 _build/nrf52832_xxaa/app_timer.c.o
 .text.nrf_delay_us
                0x000248a0       0xa8 _build/nrf52832_xxaa/app_timer.c.o
 .text.rtc1_init
                0x00024948       0x24 _build/nrf52832_xxaa/app_timer.c.o
 .text.rtc1_start
                0x0002496c       0x44 _build/nrf52832_xxaa/app_timer.c.o
 .text.rtc1_stop
                0x000249b0       0x54 _build/nrf52832_xxaa/app_timer.c.o
 .text.rtc1_counter_get
                0x00024a04       0x18 _build/nrf52832_xxaa/app_timer.c.o
 .text.ticks_diff_get
                0x00024a1c       0x20 _build/nrf52832_xxaa/app_timer.c.o
 .text.rtc1_compare0_set
                0x00024a3c       0x20 _build/nrf52832_xxaa/app_timer.c.o
 .text.timer_list_insert
                0x00024a5c       0xb4 _build/nrf52832_xxaa/app_timer.c.o
 .text.timer_list_remove
                0x00024b10       0xc0 _build/nrf52832_xxaa/app_timer.c.o
 .text.timer_timeouts_check_sched
                0x00024bd0        0xe _build/nrf52832_xxaa/app_timer.c.o
 .text.timer_list_handler_sched
                0x00024bde        0xe _build/nrf52832_xxaa/app_timer.c.o
 .text.timeout_handler_scheduled_exec
                0x00024bec       0x48 _build/nrf52832_xxaa/app_timer.c.o
 .text.timeout_handler_exec
                0x00024c34       0x4c _build/nrf52832_xxaa/app_timer.c.o
 .text.timer_timeouts_check
                0x00024c80       0xc8 _build/nrf52832_xxaa/app_timer.c.o
 .text.elapsed_ticks_acquire
                0x00024d48       0x80 _build/nrf52832_xxaa/app_timer.c.o
 .text.expired_timers_handler
                0x00024dc8       0x9c _build/nrf52832_xxaa/app_timer.c.o
 .text.list_insertions_handler
                0x00024e64      0x1b8 _build/nrf52832_xxaa/app_timer.c.o
 .text.compare_reg_update
                0x0002501c       0xb4 _build/nrf52832_xxaa/app_timer.c.o
 .text.timer_list_handler
                0x000250d0       0x74 _build/nrf52832_xxaa/app_timer.c.o
 .text.user_op_enque
                0x00025144       0x20 _build/nrf52832_xxaa/app_timer.c.o
 .text.user_op_alloc
                0x00025164       0x5c _build/nrf52832_xxaa/app_timer.c.o
 .text.timer_start_op_schedule
                0x000251c0       0x84 _build/nrf52832_xxaa/app_timer.c.o
 .text.timer_stop_op_schedule
                0x00025244       0x66 _build/nrf52832_xxaa/app_timer.c.o
 *fill*         0x000252aa        0x2 
 .text.RTC1_IRQHandler
                0x000252ac       0x40 _build/nrf52832_xxaa/app_timer.c.o
                0x000252ac                RTC1_IRQHandler
 .text.SWI0_EGU0_IRQHandler
                0x000252ec        0xc _build/nrf52832_xxaa/app_timer.c.o
                0x000252ec                SWI0_EGU0_IRQHandler
 .text.app_timer_init
                0x000252f8       0x6c _build/nrf52832_xxaa/app_timer.c.o
                0x000252f8                app_timer_init
 .text.app_timer_create
                0x00025364       0x68 _build/nrf52832_xxaa/app_timer.c.o
                0x00025364                app_timer_create
 .text.app_timer_start
                0x000253cc       0x68 _build/nrf52832_xxaa/app_timer.c.o
                0x000253cc                app_timer_start
 .text.app_timer_stop
                0x00025434       0x48 _build/nrf52832_xxaa/app_timer.c.o
                0x00025434                app_timer_stop
 .text.__sd_nvic_irq_disable
                0x0002547c       0x20 _build/nrf52832_xxaa/app_util_platform.c.o
 .text.__sd_nvic_irq_enable
                0x0002549c       0x10 _build/nrf52832_xxaa/app_util_platform.c.o
 .text.sd_nvic_critical_region_enter
                0x000254ac       0x74 _build/nrf52832_xxaa/app_util_platform.c.o
 .text.sd_nvic_critical_region_exit
                0x00025520       0x50 _build/nrf52832_xxaa/app_util_platform.c.o
 .text.app_util_critical_region_enter
                0x00025570       0x16 _build/nrf52832_xxaa/app_util_platform.c.o
                0x00025570                app_util_critical_region_enter
 .text.app_util_critical_region_exit
                0x00025586       0x1a _build/nrf52832_xxaa/app_util_platform.c.o
                0x00025586                app_util_critical_region_exit
 .text.nrf_balloc_idx2block
                0x000255a0       0x28 _build/nrf52832_xxaa/nrf_balloc.c.o
 .text.nrf_balloc_block2idx
                0x000255c8       0x28 _build/nrf52832_xxaa/nrf_balloc.c.o
 .text.nrf_balloc_init
                0x000255f0       0x5a _build/nrf52832_xxaa/nrf_balloc.c.o
                0x000255f0                nrf_balloc_init
 .text.nrf_balloc_alloc
                0x0002564a       0x76 _build/nrf52832_xxaa/nrf_balloc.c.o
                0x0002564a                nrf_balloc_alloc
 .text.nrf_balloc_free
                0x000256c0       0x42 _build/nrf52832_xxaa/nrf_balloc.c.o
                0x000256c0                nrf_balloc_free
 .text.nrf_fprintf_buffer_flush
                0x00025702       0x32 _build/nrf52832_xxaa/nrf_fprintf.c.o
                0x00025702                nrf_fprintf_buffer_flush
 .text.nrf_fprintf
                0x00025734       0x38 _build/nrf52832_xxaa/nrf_fprintf.c.o
                0x00025734                nrf_fprintf
 .text.buffer_add
                0x0002576c       0x3a _build/nrf52832_xxaa/nrf_fprintf_format.c.o
 .text.string_print
                0x000257a6       0xb8 _build/nrf52832_xxaa/nrf_fprintf_format.c.o
 *fill*         0x0002585e        0x2 
 .text.unsigned_print
                0x00025860      0x12c _build/nrf52832_xxaa/nrf_fprintf_format.c.o
 .text.int_print
                0x0002598c      0x11e _build/nrf52832_xxaa/nrf_fprintf_format.c.o
 *fill*         0x00025aaa        0x2 
 .text.nrf_fprintf_fmt
                0x00025aac      0x3ec _build/nrf52832_xxaa/nrf_fprintf_format.c.o
                0x00025aac                nrf_fprintf_fmt
 .text.nrf_atomic_u32_add
                0x00025e98       0x32 _build/nrf52832_xxaa/nrf_memobj.c.o
 .text.nrf_atomic_u32_sub
                0x00025eca       0x32 _build/nrf52832_xxaa/nrf_memobj.c.o
 .text.nrf_memobj_pool_init
                0x00025efc       0x18 _build/nrf52832_xxaa/nrf_memobj.c.o
                0x00025efc                nrf_memobj_pool_init
 .text.nrf_memobj_alloc
                0x00025f14       0xac _build/nrf52832_xxaa/nrf_memobj.c.o
                0x00025f14                nrf_memobj_alloc
 .text.nrf_memobj_free
                0x00025fc0       0x6e _build/nrf52832_xxaa/nrf_memobj.c.o
                0x00025fc0                nrf_memobj_free
 .text.nrf_memobj_get
                0x0002602e       0x20 _build/nrf52832_xxaa/nrf_memobj.c.o
                0x0002602e                nrf_memobj_get
 .text.nrf_memobj_put
                0x0002604e       0x38 _build/nrf52832_xxaa/nrf_memobj.c.o
                0x0002604e                nrf_memobj_put
 .text.memobj_op
                0x00026086       0xe8 _build/nrf52832_xxaa/nrf_memobj.c.o
 .text.nrf_memobj_write
                0x0002616e       0x26 _build/nrf52832_xxaa/nrf_memobj.c.o
                0x0002616e                nrf_memobj_write
 .text.nrf_memobj_read
                0x00026194       0x26 _build/nrf52832_xxaa/nrf_memobj.c.o
                0x00026194                nrf_memobj_read
 .text.nrf_section_iter_init
                0x000261ba       0x3a _build/nrf52832_xxaa/nrf_section_iter.c.o
                0x000261ba                nrf_section_iter_init
 .text.nrf_section_iter_next
                0x000261f4       0x46 _build/nrf52832_xxaa/nrf_section_iter.c.o
                0x000261f4                nrf_section_iter_next
 *fill*         0x0002623a        0x2 
 .text.nrf_strerror_get
                0x0002623c       0x28 _build/nrf52832_xxaa/nrf_strerror.c.o
                0x0002623c                nrf_strerror_get
 .text.nrf_strerror_find
                0x00026264       0x70 _build/nrf52832_xxaa/nrf_strerror.c.o
                0x00026264                nrf_strerror_find
 .text.sdk_mapped_flags_set_by_index
                0x000262d4       0x2a _build/nrf52832_xxaa/sdk_mapped_flags.c.o
 .text.sdk_mapped_flags_clear_by_index
                0x000262fe       0x2c _build/nrf52832_xxaa/sdk_mapped_flags.c.o
 .text.sdk_mapped_flags_get_by_index
                0x0002632a       0x30 _build/nrf52832_xxaa/sdk_mapped_flags.c.o
 .text.sdk_mapped_flags_first_key_index_get
                0x0002635a       0x3a _build/nrf52832_xxaa/sdk_mapped_flags.c.o
                0x0002635a                sdk_mapped_flags_first_key_index_get
 .text.sdk_mapped_flags_update_by_key
                0x00026394       0x30 _build/nrf52832_xxaa/sdk_mapped_flags.c.o
                0x00026394                sdk_mapped_flags_update_by_key
 .text.sdk_mapped_flags_bulk_update_by_key
                0x000263c4       0x90 _build/nrf52832_xxaa/sdk_mapped_flags.c.o
                0x000263c4                sdk_mapped_flags_bulk_update_by_key
 .text.sdk_mapped_flags_key_list_get
                0x00026454       0x6e _build/nrf52832_xxaa/sdk_mapped_flags.c.o
                0x00026454                sdk_mapped_flags_key_list_get
 .text.nrf_gpio_pin_port_decode
                0x000264c2       0x18 _build/nrf52832_xxaa/boards.c.o
 .text.nrf_gpio_pin_set
                0x000264da       0x2a _build/nrf52832_xxaa/boards.c.o
 .text.nrf_gpio_pin_clear
                0x00026504       0x2a _build/nrf52832_xxaa/boards.c.o
 .text.nrf_gpio_pin_write
                0x0002652e       0x26 _build/nrf52832_xxaa/boards.c.o
 .text.nrf_gpio_port_out_set
                0x00026554       0x1e _build/nrf52832_xxaa/boards.c.o
 .text.nrf_gpio_port_out_clear
                0x00026572       0x1e _build/nrf52832_xxaa/boards.c.o
 .text.bsp_board_led_on
                0x00026590       0x24 _build/nrf52832_xxaa/boards.c.o
                0x00026590                bsp_board_led_on
 .text.NVIC_DisableIRQ
                0x000265b4       0x34 _build/nrf52832_xxaa/nrf_drv_clock.c.o
 .text.nrf_clock_int_disable
                0x000265e8       0x1e _build/nrf52832_xxaa/nrf_drv_clock.c.o
 .text.nrf_clock_task_trigger
                0x00026606       0x20 _build/nrf52832_xxaa/nrf_drv_clock.c.o
 .text.nrf_clock_event_clear
                0x00026626       0x2c _build/nrf52832_xxaa/nrf_drv_clock.c.o
 .text.nrf_clock_event_check
                0x00026652       0x28 _build/nrf52832_xxaa/nrf_drv_clock.c.o
 .text.nrf_clock_lf_src_set
                0x0002667a       0x24 _build/nrf52832_xxaa/nrf_drv_clock.c.o
 .text.nrf_clock_lf_is_running
                0x0002669e       0x26 _build/nrf52832_xxaa/nrf_drv_clock.c.o
 .text.nrf_drv_common_irq_enable_check
                0x000266c4       0x40 _build/nrf52832_xxaa/nrf_drv_clock.c.o
 .text.nrf_drv_common_power_clock_irq_init
                0x00026704       0x22 _build/nrf52832_xxaa/nrf_drv_clock.c.o
 *fill*         0x00026726        0x2 
 .text.lfclk_stop
                0x00026728       0x24 _build/nrf52832_xxaa/nrf_drv_clock.c.o
 .text.nrf_drv_clock_init
                0x0002674c       0x60 _build/nrf52832_xxaa/nrf_drv_clock.c.o
                0x0002674c                nrf_drv_clock_init
 .text.item_dequeue
                0x000267ac       0x2a _build/nrf52832_xxaa/nrf_drv_clock.c.o
 *fill*         0x000267d6        0x2 
 .text.nrf_drv_clock_lfclk_release
                0x000267d8       0x3c _build/nrf52832_xxaa/nrf_drv_clock.c.o
                0x000267d8                nrf_drv_clock_lfclk_release
 .text.clock_clk_started_notify
                0x00026814       0x48 _build/nrf52832_xxaa/nrf_drv_clock.c.o
 .text.POWER_CLOCK_IRQHandler
                0x0002685c       0x5c _build/nrf52832_xxaa/nrf_drv_clock.c.o
                0x0002685c                POWER_CLOCK_IRQHandler
 .text.soc_evt_handler
                0x000268b8       0x1e _build/nrf52832_xxaa/nrf_drv_clock.c.o
 *fill*         0x000268d6        0x2 
 .text.sd_state_evt_handler
                0x000268d8       0x78 _build/nrf52832_xxaa/nrf_drv_clock.c.o
 .text.NVIC_EnableIRQ
                0x00026950       0x34 _build/nrf52832_xxaa/nrf_drv_common.c.o
 .text.NVIC_ClearPendingIRQ
                0x00026984       0x34 _build/nrf52832_xxaa/nrf_drv_common.c.o
 .text.NVIC_SetPriority
                0x000269b8       0x54 _build/nrf52832_xxaa/nrf_drv_common.c.o
 .text.nrf_drv_common_irq_enable
                0x00026a0c       0x3a _build/nrf52832_xxaa/nrf_drv_common.c.o
                0x00026a0c                nrf_drv_common_irq_enable
 .text.nrf_gpiote_event_is_set
                0x00026a46       0x28 _build/nrf52832_xxaa/nrf_drv_gpiote.c.o
 .text.nrf_gpiote_event_clear
                0x00026a6e       0x32 _build/nrf52832_xxaa/nrf_drv_gpiote.c.o
 .text.nrf_gpiote_event_addr_get
                0x00026aa0       0x20 _build/nrf52832_xxaa/nrf_drv_gpiote.c.o
 .text.nrf_gpiote_int_is_enabled
                0x00026ac0       0x24 _build/nrf52832_xxaa/nrf_drv_gpiote.c.o
 .text.nrf_gpiote_event_pin_get
                0x00026ae4       0x2c _build/nrf52832_xxaa/nrf_drv_gpiote.c.o
 .text.nrf_gpiote_event_polarity_get
                0x00026b10       0x2c _build/nrf52832_xxaa/nrf_drv_gpiote.c.o
 .text.nrf_gpio_pin_port_decode
                0x00026b3c       0x18 _build/nrf52832_xxaa/nrf_drv_gpiote.c.o
 .text.nrf_gpio_cfg_sense_set
                0x00026b54       0x58 _build/nrf52832_xxaa/nrf_drv_gpiote.c.o
 .text.nrf_gpio_pin_sense_get
                0x00026bac       0x2e _build/nrf52832_xxaa/nrf_drv_gpiote.c.o
 .text.nrf_gpio_port_in_read
                0x00026bda       0x1a _build/nrf52832_xxaa/nrf_drv_gpiote.c.o
 .text.nrf_gpio_ports_read
                0x00026bf4       0x52 _build/nrf52832_xxaa/nrf_drv_gpiote.c.o
 .text.nrf_bitmask_bit_is_set
                0x00026c46       0x3a _build/nrf52832_xxaa/nrf_drv_gpiote.c.o
 .text.nrf_bitmask_bit_set
                0x00026c80       0x4a _build/nrf52832_xxaa/nrf_drv_gpiote.c.o
 *fill*         0x00026cca        0x2 
 .text.channel_port_get
                0x00026ccc       0x24 _build/nrf52832_xxaa/nrf_drv_gpiote.c.o
 .text.channel_handler_get
                0x00026cf0       0x20 _build/nrf52832_xxaa/nrf_drv_gpiote.c.o
 .text.GPIOTE_IRQHandler
                0x00026d10      0x2e8 _build/nrf52832_xxaa/nrf_drv_gpiote.c.o
                0x00026d10                GPIOTE_IRQHandler
 .text.nrf_twim_task_trigger
                0x00026ff8       0x22 _build/nrf52832_xxaa/nrf_drv_twi.c.o
 .text.nrf_twim_event_clear
                0x0002701a       0x2e _build/nrf52832_xxaa/nrf_drv_twi.c.o
 .text.nrf_twim_event_check
                0x00027048       0x2a _build/nrf52832_xxaa/nrf_drv_twi.c.o
 .text.nrf_twim_int_enable
                0x00027072       0x1e _build/nrf52832_xxaa/nrf_drv_twi.c.o
 .text.nrf_twim_int_disable
                0x00027090       0x1e _build/nrf52832_xxaa/nrf_drv_twi.c.o
 .text.nrf_twim_enable
                0x000270ae       0x1c _build/nrf52832_xxaa/nrf_drv_twi.c.o
 .text.nrf_twim_pins_set
                0x000270ca       0x28 _build/nrf52832_xxaa/nrf_drv_twi.c.o
 .text.nrf_twim_frequency_set
                0x000270f2       0x1e _build/nrf52832_xxaa/nrf_drv_twi.c.o
 .text.nrf_twim_errorsrc_get_and_clear
                0x00027110       0x26 _build/nrf52832_xxaa/nrf_drv_twi.c.o
 .text.nrf_twim_address_set
                0x00027136       0x20 _build/nrf52832_xxaa/nrf_drv_twi.c.o
 .text.nrf_twim_tx_buffer_set
                0x00027156       0x2a _build/nrf52832_xxaa/nrf_drv_twi.c.o
 .text.nrf_twim_rx_buffer_set
                0x00027180       0x2a _build/nrf52832_xxaa/nrf_drv_twi.c.o
 .text.nrf_twim_shorts_set
                0x000271aa       0x1e _build/nrf52832_xxaa/nrf_drv_twi.c.o
 .text.nrf_twim_txd_amount_get
                0x000271c8       0x1a _build/nrf52832_xxaa/nrf_drv_twi.c.o
 .text.nrf_twim_rxd_amount_get
                0x000271e2       0x1a _build/nrf52832_xxaa/nrf_drv_twi.c.o
 .text.nrf_twim_tx_list_enable
                0x000271fc       0x1c _build/nrf52832_xxaa/nrf_drv_twi.c.o
 .text.nrf_twim_tx_list_disable
                0x00027218       0x1c _build/nrf52832_xxaa/nrf_drv_twi.c.o
 .text.nrf_twim_rx_list_enable
                0x00027234       0x1c _build/nrf52832_xxaa/nrf_drv_twi.c.o
 .text.nrf_twim_rx_list_disable
                0x00027250       0x1c _build/nrf52832_xxaa/nrf_drv_twi.c.o
 .text.nrf_drv_get_IRQn
                0x0002726c       0x1e _build/nrf52832_xxaa/nrf_drv_twi.c.o
 .text.nrf_drv_is_in_RAM
                0x0002728a       0x26 _build/nrf52832_xxaa/nrf_drv_twi.c.o
 .text.nrf_gpio_pin_port_decode
                0x000272b0       0x18 _build/nrf52832_xxaa/nrf_drv_twi.c.o
 .text.nrf_gpio_pin_set
                0x000272c8       0x2a _build/nrf52832_xxaa/nrf_drv_twi.c.o
 .text.nrf_gpio_pin_clear
                0x000272f2       0x2a _build/nrf52832_xxaa/nrf_drv_twi.c.o
 .text.nrf_gpio_pin_read
                0x0002731c       0x2c _build/nrf52832_xxaa/nrf_drv_twi.c.o
 .text.nrf_gpio_port_in_read
                0x00027348       0x1a _build/nrf52832_xxaa/nrf_drv_twi.c.o
 .text.nrf_gpio_port_out_set
                0x00027362       0x1e _build/nrf52832_xxaa/nrf_drv_twi.c.o
 .text.nrf_gpio_port_out_clear
                0x00027380       0x1e _build/nrf52832_xxaa/nrf_drv_twi.c.o
 *fill*         0x0002739e        0x2 
 .text.nrf_delay_us
                0x000273a0       0xa8 _build/nrf52832_xxaa/nrf_drv_twi.c.o
 .text.twi_process_error
                0x00027448       0x3a _build/nrf52832_xxaa/nrf_drv_twi.c.o
 .text.twi_clear_bus
                0x00027482       0xe0 _build/nrf52832_xxaa/nrf_drv_twi.c.o
 *fill*         0x00027562        0x2 
 .text.nrf_drv_twi_init
                0x00027564       0xf4 _build/nrf52832_xxaa/nrf_drv_twi.c.o
                0x00027564                nrf_drv_twi_init
 .text.nrf_drv_twi_enable
                0x00027658       0x3c _build/nrf52832_xxaa/nrf_drv_twi.c.o
                0x00027658                nrf_drv_twi_enable
 .text.twim_list_enable_handle
                0x00027694       0x42 _build/nrf52832_xxaa/nrf_drv_twi.c.o
 *fill*         0x000276d6        0x2 
 .text.twim_xfer
                0x000276d8      0x32c _build/nrf52832_xxaa/nrf_drv_twi.c.o
 .text.nrf_drv_twi_xfer
                0x00027a04       0x44 _build/nrf52832_xxaa/nrf_drv_twi.c.o
                0x00027a04                nrf_drv_twi_xfer
 .text.nrf_drv_twi_tx
                0x00027a48       0x50 _build/nrf52832_xxaa/nrf_drv_twi.c.o
                0x00027a48                nrf_drv_twi_tx
 .text.nrf_drv_twi_rx
                0x00027a98       0x48 _build/nrf52832_xxaa/nrf_drv_twi.c.o
                0x00027a98                nrf_drv_twi_rx
 .text.irq_handler_twim
                0x00027ae0      0x202 _build/nrf52832_xxaa/nrf_drv_twi.c.o
 *fill*         0x00027ce2        0x2 
 .text.SPIM0_SPIS0_TWIM0_TWIS0_SPI0_TWI0_IRQHandler
                0x00027ce4       0x18 _build/nrf52832_xxaa/nrf_drv_twi.c.o
                0x00027ce4                SPIM0_SPIS0_TWIM0_TWIS0_SPI0_TWI0_IRQHandler
 .text.nrf_uart_event_clear
                0x00027cfc       0x2e _build/nrf52832_xxaa/nrf_drv_uart.c.o
 .text.nrf_uart_event_check
                0x00027d2a       0x2a _build/nrf52832_xxaa/nrf_drv_uart.c.o
 .text.nrf_uart_int_enable_check
                0x00027d54       0x2a _build/nrf52832_xxaa/nrf_drv_uart.c.o
 .text.nrf_uart_int_disable
                0x00027d7e       0x1e _build/nrf52832_xxaa/nrf_drv_uart.c.o
 .text.nrf_uart_errorsrc_get_and_clear
                0x00027d9c       0x26 _build/nrf52832_xxaa/nrf_drv_uart.c.o
 .text.nrf_uart_rxd_get
                0x00027dc2       0x1c _build/nrf52832_xxaa/nrf_drv_uart.c.o
 .text.nrf_uart_txd_set
                0x00027dde       0x20 _build/nrf52832_xxaa/nrf_drv_uart.c.o
 .text.nrf_uart_task_trigger
                0x00027dfe       0x22 _build/nrf52832_xxaa/nrf_drv_uart.c.o
 .text.nrf_uarte_event_clear
                0x00027e20       0x2e _build/nrf52832_xxaa/nrf_drv_uart.c.o
 .text.nrf_uarte_event_check
                0x00027e4e       0x2a _build/nrf52832_xxaa/nrf_drv_uart.c.o
 .text.nrf_uarte_shorts_disable
                0x00027e78       0x28 _build/nrf52832_xxaa/nrf_drv_uart.c.o
 .text.nrf_uarte_errorsrc_get_and_clear
                0x00027ea0       0x26 _build/nrf52832_xxaa/nrf_drv_uart.c.o
 .text.nrf_uarte_tx_amount_get
                0x00027ec6       0x1a _build/nrf52832_xxaa/nrf_drv_uart.c.o
 .text.nrf_uarte_rx_amount_get
                0x00027ee0       0x1a _build/nrf52832_xxaa/nrf_drv_uart.c.o
 .text.tx_byte  0x00027efa       0x44 _build/nrf52832_xxaa/nrf_drv_uart.c.o
 .text.rx_byte  0x00027f3e       0x58 _build/nrf52832_xxaa/nrf_drv_uart.c.o
 .text.rx_done_event
                0x00027f96       0x32 _build/nrf52832_xxaa/nrf_drv_uart.c.o
 .text.tx_done_event
                0x00027fc8       0x38 _build/nrf52832_xxaa/nrf_drv_uart.c.o
 .text.uart_irq_handler
                0x00028000      0x1d0 _build/nrf52832_xxaa/nrf_drv_uart.c.o
 .text.uarte_irq_handler
                0x000281d0      0x158 _build/nrf52832_xxaa/nrf_drv_uart.c.o
 .text.UARTE0_UART0_IRQHandler
                0x00028328       0x2c _build/nrf52832_xxaa/nrf_drv_uart.c.o
                0x00028328                UARTE0_UART0_IRQHandler
 .text.nrf_pwm_event_clear
                0x00028354       0x2e _build/nrf52832_xxaa/nrf_drv_pwm.c.o
 .text.nrf_pwm_event_check
                0x00028382       0x2a _build/nrf52832_xxaa/nrf_drv_pwm.c.o
 .text.irq_handler
                0x000283ac       0xe4 _build/nrf52832_xxaa/nrf_drv_pwm.c.o
 .text.PWM0_IRQHandler
                0x00028490       0x18 _build/nrf52832_xxaa/nrf_drv_pwm.c.o
                0x00028490                PWM0_IRQHandler
 .text.nrf_timer_event_clear
                0x000284a8       0x2e _build/nrf52832_xxaa/nrf_drv_timer.c.o
 .text.nrf_timer_event_check
                0x000284d6       0x2a _build/nrf52832_xxaa/nrf_drv_timer.c.o
 .text.nrf_timer_int_enable_check
                0x00028500       0x2a _build/nrf52832_xxaa/nrf_drv_timer.c.o
 .text.nrf_timer_compare_event_get
                0x0002852a       0x20 _build/nrf52832_xxaa/nrf_drv_timer.c.o
 .text.nrf_timer_compare_int_get
                0x0002854a       0x1e _build/nrf52832_xxaa/nrf_drv_timer.c.o
 .text.irq_handler
                0x00028568       0x76 _build/nrf52832_xxaa/nrf_drv_timer.c.o
 *fill*         0x000285de        0x2 
 .text.TIMER0_IRQHandler
                0x000285e0       0x1c _build/nrf52832_xxaa/nrf_drv_timer.c.o
                0x000285e0                TIMER0_IRQHandler
 .text.i2cdev_initialize
                0x000285fc       0x5c _build/nrf52832_xxaa/i2cdev.c.o
                0x000285fc                i2cdev_initialize
 .text.i2cdev_readByte
                0x00028658       0x26 _build/nrf52832_xxaa/i2cdev.c.o
                0x00028658                i2cdev_readByte
 *fill*         0x0002867e        0x2 
 .text.i2cdev_readBytes
                0x00028680       0x54 _build/nrf52832_xxaa/i2cdev.c.o
                0x00028680                i2cdev_readBytes
 .text.i2cdev_writeByte
                0x000286d4       0x60 _build/nrf52832_xxaa/i2cdev.c.o
                0x000286d4                i2cdev_writeByte
 .text.i2cdev_writeBytes
                0x00028734       0x7c _build/nrf52832_xxaa/i2cdev.c.o
                0x00028734                i2cdev_writeBytes
 .text.nrf_delay_us
                0x000287b0       0xa8 _build/nrf52832_xxaa/mpu9250.c.o
 .text.nrf_delay_ms
                0x00028858       0x20 _build/nrf52832_xxaa/mpu9250.c.o
 .text.mpu9250_init
                0x00028878       0x70 _build/nrf52832_xxaa/mpu9250.c.o
                0x00028878                mpu9250_init
 .text.mpu9250_init_mag
                0x000288e8       0x10 _build/nrf52832_xxaa/mpu9250.c.o
                0x000288e8                mpu9250_init_mag
 .text.mpu9250_test_connection
                0x000288f8       0x24 _build/nrf52832_xxaa/mpu9250.c.o
                0x000288f8                mpu9250_test_connection
 .text.mpu9250_mag_test_connection
                0x0002891c       0x24 _build/nrf52832_xxaa/mpu9250.c.o
                0x0002891c                mpu9250_mag_test_connection
 .text.mpu9250_accel_gyro_self_test
                0x00028940      0x8d8 _build/nrf52832_xxaa/mpu9250.c.o
                0x00028940                mpu9250_accel_gyro_self_test
 .text.mpu9250_get_whoami
                0x00029218       0x24 _build/nrf52832_xxaa/mpu9250.c.o
                0x00029218                mpu9250_get_whoami
 .text.mpu9250_get_mag_whoami
                0x0002923c       0x1c _build/nrf52832_xxaa/mpu9250.c.o
                0x0002923c                mpu9250_get_mag_whoami
 .text.mpu9250_evaluate_self_test
                0x00029258       0x64 _build/nrf52832_xxaa/mpu9250.c.o
 .text.mpu9250_set_accel_res
                0x000292bc       0x5c _build/nrf52832_xxaa/mpu9250.c.o
 .text.mpu9250_set_gyro_res
                0x00029318       0x64 _build/nrf52832_xxaa/mpu9250.c.o
 .text.mpu9250_set_mag_res
                0x0002937c       0x3c _build/nrf52832_xxaa/mpu9250.c.o
 .text.mpu9250_accel_gyro_bias_cal
                0x000293b8       0x4a _build/nrf52832_xxaa/mpu9250.c.o
                0x000293b8                mpu9250_accel_gyro_bias_cal
 *fill*         0x00029402        0x2 
 .text.mpu9250_config_cal
                0x00029404       0xd4 _build/nrf52832_xxaa/mpu9250.c.o
 .text.mpu9250_calculate_bias
                0x000294d8      0x224 _build/nrf52832_xxaa/mpu9250.c.o
 .text.mpu9250_set_gyro_bias_reg
                0x000296fc      0x184 _build/nrf52832_xxaa/mpu9250.c.o
 .text.mpu9250_set_accel_bias_reg
                0x00029880      0x25c _build/nrf52832_xxaa/mpu9250.c.o
 .text.mpu9250_get_mag_cal_data
                0x00029adc      0x1a0 _build/nrf52832_xxaa/mpu9250.c.o
 .text.mpu9250_set_config
                0x00029c7c      0x1a4 _build/nrf52832_xxaa/mpu9250.c.o
                0x00029c7c                mpu9250_set_config
 .text.mpu9250_set_mag_config
                0x00029e20       0x34 _build/nrf52832_xxaa/mpu9250.c.o
                0x00029e20                mpu9250_set_mag_config
 .text.mpu9250_read_accel_data
                0x00029e54       0x74 _build/nrf52832_xxaa/mpu9250.c.o
                0x00029e54                mpu9250_read_accel_data
 .text.mpu9250_get_accel_data_gs
                0x00029ec8       0xb0 _build/nrf52832_xxaa/mpu9250.c.o
                0x00029ec8                mpu9250_get_accel_data_gs
 .text.mpu9250_read_gyro_data
                0x00029f78       0x74 _build/nrf52832_xxaa/mpu9250.c.o
                0x00029f78                mpu9250_read_gyro_data
 .text.mpu9250_get_gyro_data_rps
                0x00029fec       0x78 _build/nrf52832_xxaa/mpu9250.c.o
                0x00029fec                mpu9250_get_gyro_data_rps
 .text.mpu9250_get_gyro_data_dps
                0x0002a064       0xb0 _build/nrf52832_xxaa/mpu9250.c.o
                0x0002a064                mpu9250_get_gyro_data_dps
 .text.mpu9250_read_mag_data
                0x0002a114       0xb4 _build/nrf52832_xxaa/mpu9250.c.o
                0x0002a114                mpu9250_read_mag_data
 .text.mpu9250_get_mag_data_miligauss
                0x0002a1c8      0x1c8 _build/nrf52832_xxaa/mpu9250.c.o
                0x0002a1c8                mpu9250_get_mag_data_miligauss
 .text.mpu9250_set_mag_cal_data
                0x0002a390       0x50 _build/nrf52832_xxaa/mpu9250.c.o
                0x0002a390                mpu9250_set_mag_cal_data
 .text.nrf_delay_us
                0x0002a3e0       0xa8 _build/nrf52832_xxaa/bmp280.c.o
 .text.nrf_delay_ms
                0x0002a488       0x20 _build/nrf52832_xxaa/bmp280.c.o
 .text.bmp280_init
                0x0002a4a8       0xa8 _build/nrf52832_xxaa/bmp280.c.o
                0x0002a4a8                bmp280_init
 .text.sensor_fusion_init
                0x0002a550       0x30 _build/nrf52832_xxaa/sensor_fusion.c.o
                0x0002a550                sensor_fusion_init
 .text.sensor_fusion_update
                0x0002a580      0x10c _build/nrf52832_xxaa/sensor_fusion.c.o
                0x0002a580                sensor_fusion_update
 *fill*         0x0002a68c        0x4 
 .text.calculate_euler_angles
                0x0002a690      0x25c _build/nrf52832_xxaa/sensor_fusion.c.o
 .text.MadgwickAHRSupdate
                0x0002a8ec      0xe70 _build/nrf52832_xxaa/MadgwickAHRS.c.o
                0x0002a8ec                MadgwickAHRSupdate
 .text.MadgwickAHRSupdateIMU
                0x0002b75c      0x674 _build/nrf52832_xxaa/MadgwickAHRS.c.o
                0x0002b75c                MadgwickAHRSupdateIMU
 .text.invSqrt  0x0002bdd0       0x78 _build/nrf52832_xxaa/MadgwickAHRS.c.o
                0x0002bdd0                invSqrt
 .text.get_rotation_quaternion
                0x0002be48       0x4c _build/nrf52832_xxaa/MadgwickAHRS.c.o
                0x0002be48                get_rotation_quaternion
 .text.rtt_print_float
                0x0002be94       0x40 _build/nrf52832_xxaa/real_time_debugger.c.o
                0x0002be94                rtt_print_float
 .text.rtt_println
                0x0002bed4       0x18 _build/nrf52832_xxaa/real_time_debugger.c.o
                0x0002bed4                rtt_println
 .text.constrain
                0x0002beec       0x6a _build/nrf52832_xxaa/common_utils.c.o
                0x0002beec                constrain
 .text.sd_ble_gatts_service_add
                0x0002bf56        0x8 _build/nrf52832_xxaa/ble_sensor_service.c.o
 .text.sd_ble_gatts_characteristic_add
                0x0002bf5e        0x8 _build/nrf52832_xxaa/ble_sensor_service.c.o
 .text.sd_ble_uuid_vs_add
                0x0002bf66        0x8 _build/nrf52832_xxaa/ble_sensor_service.c.o
 .text.on_connect
                0x0002bf6e       0x1e _build/nrf52832_xxaa/ble_sensor_service.c.o
 .text.on_disconnect
                0x0002bf8c       0x1e _build/nrf52832_xxaa/ble_sensor_service.c.o
 .text.on_acc_cccd_write
                0x0002bfaa       0x4a _build/nrf52832_xxaa/ble_sensor_service.c.o
 .text.on_write
                0x0002bff4       0x2c _build/nrf52832_xxaa/ble_sensor_service.c.o
 .text.ble_ss_on_ble_evt
                0x0002c020       0x46 _build/nrf52832_xxaa/ble_sensor_service.c.o
                0x0002c020                ble_ss_on_ble_evt
 .text.acc_measurement_char_add
                0x0002c066      0x156 _build/nrf52832_xxaa/ble_sensor_service.c.o
 .text.gyro_measurement_char_add
                0x0002c1bc      0x156 _build/nrf52832_xxaa/ble_sensor_service.c.o
 .text.mag_measurement_char_add
                0x0002c312      0x156 _build/nrf52832_xxaa/ble_sensor_service.c.o
 .text.quaternion_char_add
                0x0002c468      0x15c _build/nrf52832_xxaa/ble_sensor_service.c.o
 .text.ble_sensor_service_init
                0x0002c5c4       0xc4 _build/nrf52832_xxaa/ble_sensor_service.c.o
                0x0002c5c4                ble_sensor_service_init
 .text.on_connect
                0x0002c688       0x1e _build/nrf52832_xxaa/ble_nordic_hawk_service.c.o
 .text.on_disconnect
                0x0002c6a6       0x1e _build/nrf52832_xxaa/ble_nordic_hawk_service.c.o
 .text.on_write
                0x0002c6c4       0x44 _build/nrf52832_xxaa/ble_nordic_hawk_service.c.o
 .text.ble_nhs_on_ble_evt
                0x0002c708       0x46 _build/nrf52832_xxaa/ble_nordic_hawk_service.c.o
                0x0002c708                ble_nhs_on_ble_evt
 .text.nrf_gpio_pin_port_decode
                0x0002c74e       0x18 _build/nrf52832_xxaa/nordic_hawk_board.c.o
 .text.nrf_gpio_cfg
                0x0002c766       0x52 _build/nrf52832_xxaa/nordic_hawk_board.c.o
 .text.nrf_gpio_cfg_output
                0x0002c7b8       0x24 _build/nrf52832_xxaa/nordic_hawk_board.c.o
 .text.motor_config
                0x0002c7dc       0x20 _build/nrf52832_xxaa/nordic_hawk_board.c.o
                0x0002c7dc                motor_config
 .text.update_motor_values
                0x0002c7fc       0x94 _build/nrf52832_xxaa/nordic_hawk_pwm_motor.c.o
                0x0002c7fc                update_motor_values
 .text.pid_init
                0x0002c890       0x78 _build/nrf52832_xxaa/pid.c.o
                0x0002c890                pid_init
 .text.pid_update
                0x0002c908      0x174 _build/nrf52832_xxaa/pid.c.o
                0x0002c908                pid_update
 .text.init_attitude_controller
                0x0002ca7c      0x114 _build/nrf52832_xxaa/pid_attitude_controller.c.o
                0x0002ca7c                init_attitude_controller
 .text.attitude_controller_update
                0x0002cb90       0xb0 _build/nrf52832_xxaa/pid_attitude_controller.c.o
                0x0002cb90                attitude_controller_update
 .text.rate_controller_update
                0x0002cc40       0xb0 _build/nrf52832_xxaa/pid_attitude_controller.c.o
                0x0002cc40                rate_controller_update
 .text.init_stabilizer
                0x0002ccf0       0x30 _build/nrf52832_xxaa/quadcopter_stabilizer.c.o
                0x0002ccf0                init_stabilizer
 .text.stabilizer_update
                0x0002cd20       0xc4 _build/nrf52832_xxaa/quadcopter_stabilizer.c.o
                0x0002cd20                stabilizer_update
 .text.map_pid_output_on_motors
                0x0002cde4       0xd8 _build/nrf52832_xxaa/quadcopter_stabilizer.c.o
 .text.limit_thrust
                0x0002cebc       0x5c _build/nrf52832_xxaa/quadcopter_stabilizer.c.o
 .text.sd_ble_gap_adv_start
                0x0002cf18        0x8 _build/nrf52832_xxaa/main.c.o
 .text.sd_ble_gap_disconnect
                0x0002cf20        0x8 _build/nrf52832_xxaa/main.c.o
 .text.sd_ble_gap_ppcp_set
                0x0002cf28        0x8 _build/nrf52832_xxaa/main.c.o
 .text.sd_ble_gap_device_name_set
                0x0002cf30        0x8 _build/nrf52832_xxaa/main.c.o
 .text.sd_ble_gap_sec_params_reply
                0x0002cf38        0x8 _build/nrf52832_xxaa/main.c.o
 .text.sd_ble_gap_phy_update
                0x0002cf40        0x8 _build/nrf52832_xxaa/main.c.o
 .text.sd_ble_gatts_rw_authorize_reply
                0x0002cf48        0x8 _build/nrf52832_xxaa/main.c.o
 .text.sd_ble_gatts_sys_attr_set
                0x0002cf50        0x8 _build/nrf52832_xxaa/main.c.o
 .text.sd_ble_user_mem_reply
                0x0002cf58        0x8 _build/nrf52832_xxaa/main.c.o
 .text.sd_app_evt_wait
                0x0002cf60        0x8 _build/nrf52832_xxaa/main.c.o
 .text.scheduler_init
                0x0002cf68       0x38 _build/nrf52832_xxaa/main.c.o
 .text.mpu_meas_read_timeout_handler
                0x0002cfa0       0x14 _build/nrf52832_xxaa/main.c.o
 .text.timers_init
                0x0002cfb4       0x54 _build/nrf52832_xxaa/main.c.o
 .text.timers_start
                0x0002d008       0x38 _build/nrf52832_xxaa/main.c.o
 .text.gap_params_init
                0x0002d040       0x94 _build/nrf52832_xxaa/main.c.o
 .text.gatt_init
                0x0002d0d4       0x38 _build/nrf52832_xxaa/main.c.o
 .text.advertising_init
                0x0002d10c       0x8c _build/nrf52832_xxaa/main.c.o
 .text.services_init
                0x0002d198       0x34 _build/nrf52832_xxaa/main.c.o
 .text.on_conn_params_evt
                0x0002d1cc       0x44 _build/nrf52832_xxaa/main.c.o
 .text.conn_params_error_handler
                0x0002d210       0x20 _build/nrf52832_xxaa/main.c.o
 .text.conn_params_init
                0x0002d230       0x6c _build/nrf52832_xxaa/main.c.o
 .text.advertising_start
                0x0002d29c       0x5c _build/nrf52832_xxaa/main.c.o
 .text.ble_evt_handler
                0x0002d2f8      0x358 _build/nrf52832_xxaa/main.c.o
 .text.ble_stack_init
                0x0002d650       0x74 _build/nrf52832_xxaa/main.c.o
 .text.log_init
                0x0002d6c4       0x34 _build/nrf52832_xxaa/main.c.o
 .text.power_manage
                0x0002d6f8       0x30 _build/nrf52832_xxaa/main.c.o
 .text.main     0x0002d728       0x78 _build/nrf52832_xxaa/main.c.o
                0x0002d728                main
 .text._DoInit  0x0002d7a0       0x9c _build/nrf52832_xxaa/SEGGER_RTT.c.o
 .text._WriteBlocking
                0x0002d83c       0xb4 _build/nrf52832_xxaa/SEGGER_RTT.c.o
 .text._WriteNoCheck
                0x0002d8f0       0x80 _build/nrf52832_xxaa/SEGGER_RTT.c.o
 .text._GetAvailWriteSpace
                0x0002d970       0x46 _build/nrf52832_xxaa/SEGGER_RTT.c.o
 *fill*         0x0002d9b6        0x2 
 .text.SEGGER_RTT_WriteNoLock
                0x0002d9b8       0x9c _build/nrf52832_xxaa/SEGGER_RTT.c.o
                0x0002d9b8                SEGGER_RTT_WriteNoLock
 .text.SEGGER_RTT_Write
                0x0002da54       0x48 _build/nrf52832_xxaa/SEGGER_RTT.c.o
                0x0002da54                SEGGER_RTT_Write
 .text.SEGGER_RTT_WriteString
                0x0002da9c       0x26 _build/nrf52832_xxaa/SEGGER_RTT.c.o
                0x0002da9c                SEGGER_RTT_WriteString
 .text.SEGGER_RTT_Init
                0x0002dac2        0xc _build/nrf52832_xxaa/SEGGER_RTT.c.o
                0x0002dac2                SEGGER_RTT_Init
 .text.sd_ble_gap_addr_get
                0x0002dace        0x8 _build/nrf52832_xxaa/ble_advdata.c.o
 .text.sd_ble_gap_adv_data_set
                0x0002dad6        0x8 _build/nrf52832_xxaa/ble_advdata.c.o
 .text.sd_ble_gap_appearance_get
                0x0002dade        0x8 _build/nrf52832_xxaa/ble_advdata.c.o
 .text.sd_ble_gap_device_name_get
                0x0002dae6        0x8 _build/nrf52832_xxaa/ble_advdata.c.o
 .text.sd_ble_uuid_encode
                0x0002daee        0x8 _build/nrf52832_xxaa/ble_advdata.c.o
 .text.uint16_encode
                0x0002daf6       0x30 _build/nrf52832_xxaa/ble_advdata.c.o
 .text.ble_device_addr_encode
                0x0002db26       0xce _build/nrf52832_xxaa/ble_advdata.c.o
 .text.name_encode
                0x0002dbf4      0x11a _build/nrf52832_xxaa/ble_advdata.c.o
 .text.appearance_encode
                0x0002dd0e       0x98 _build/nrf52832_xxaa/ble_advdata.c.o
 .text.flags_encode
                0x0002dda6       0x80 _build/nrf52832_xxaa/ble_advdata.c.o
 .text.tx_power_level_encode
                0x0002de26       0x80 _build/nrf52832_xxaa/ble_advdata.c.o
 .text.uuid_list_sized_encode
                0x0002dea6      0x138 _build/nrf52832_xxaa/ble_advdata.c.o
 .text.uuid_list_encode
                0x0002dfde       0x5c _build/nrf52832_xxaa/ble_advdata.c.o
 .text.conn_int_check
                0x0002e03a       0x82 _build/nrf52832_xxaa/ble_advdata.c.o
 .text.conn_int_encode
                0x0002e0bc       0xbe _build/nrf52832_xxaa/ble_advdata.c.o
 .text.manuf_specific_data_encode
                0x0002e17a       0xde _build/nrf52832_xxaa/ble_advdata.c.o
 .text.service_data_encode
                0x0002e258       0xfe _build/nrf52832_xxaa/ble_advdata.c.o
 .text.ble_advdata_encode
                0x0002e356      0x1bc _build/nrf52832_xxaa/ble_advdata.c.o
                0x0002e356                ble_advdata_encode
 .text.advdata_check
                0x0002e512       0x26 _build/nrf52832_xxaa/ble_advdata.c.o
 .text.srdata_check
                0x0002e538       0x22 _build/nrf52832_xxaa/ble_advdata.c.o
 .text.ble_advdata_set
                0x0002e55a       0xc0 _build/nrf52832_xxaa/ble_advdata.c.o
                0x0002e55a                ble_advdata_set
 .text.sd_ble_gap_conn_param_update
                0x0002e61a        0x8 _build/nrf52832_xxaa/ble_conn_params.c.o
 .text.sd_ble_gap_disconnect
                0x0002e622        0x8 _build/nrf52832_xxaa/ble_conn_params.c.o
 .text.sd_ble_gap_ppcp_set
                0x0002e62a        0x8 _build/nrf52832_xxaa/ble_conn_params.c.o
 .text.sd_ble_gap_ppcp_get
                0x0002e632        0x8 _build/nrf52832_xxaa/ble_conn_params.c.o
 *fill*         0x0002e63a        0x2 
 .text.instance_get
                0x0002e63c       0x54 _build/nrf52832_xxaa/ble_conn_params.c.o
 .text.instance_claim
                0x0002e690       0x38 _build/nrf52832_xxaa/ble_conn_params.c.o
 .text.instance_free
                0x0002e6c8       0x1c _build/nrf52832_xxaa/ble_conn_params.c.o
 .text.is_conn_params_ok
                0x0002e6e4       0xc4 _build/nrf52832_xxaa/ble_conn_params.c.o
 .text.send_error_evt
                0x0002e7a8       0x24 _build/nrf52832_xxaa/ble_conn_params.c.o
 .text.send_update_request
                0x0002e7cc       0x3e _build/nrf52832_xxaa/ble_conn_params.c.o
 *fill*         0x0002e80a        0x2 
 .text.update_timeout_handler
                0x0002e80c       0xac _build/nrf52832_xxaa/ble_conn_params.c.o
 .text.ble_conn_params_init
                0x0002e8b8       0xd8 _build/nrf52832_xxaa/ble_conn_params.c.o
                0x0002e8b8                ble_conn_params_init
 .text.conn_params_negotiation
                0x0002e990       0x78 _build/nrf52832_xxaa/ble_conn_params.c.o
 .text.on_connect
                0x0002ea08       0x7c _build/nrf52832_xxaa/ble_conn_params.c.o
 .text.on_disconnect
                0x0002ea84       0x44 _build/nrf52832_xxaa/ble_conn_params.c.o
 .text.on_write
                0x0002eac8       0x78 _build/nrf52832_xxaa/ble_conn_params.c.o
 .text.on_conn_params_update
                0x0002eb40       0x50 _build/nrf52832_xxaa/ble_conn_params.c.o
 .text.ble_evt_handler
                0x0002eb90       0x4e _build/nrf52832_xxaa/ble_conn_params.c.o
 *fill*         0x0002ebde        0x2 
 .text.record_activate
                0x0002ebe0       0x68 _build/nrf52832_xxaa/ble_conn_state.c.o
 .text.record_invalidate
                0x0002ec48       0x2c _build/nrf52832_xxaa/ble_conn_state.c.o
 .text.record_set_disconnected
                0x0002ec74       0x28 _build/nrf52832_xxaa/ble_conn_state.c.o
 .text.record_purge_disconnected
                0x0002ec9c       0x6c _build/nrf52832_xxaa/ble_conn_state.c.o
 .text.ble_evt_handler
                0x0002ed08       0xcc _build/nrf52832_xxaa/ble_conn_state.c.o
 .text.uint16_decode
                0x0002edd4       0x2a _build/nrf52832_xxaa/ble_srv_common.c.o
 .text.ble_srv_is_notification_enabled
                0x0002edfe       0x2a _build/nrf52832_xxaa/ble_srv_common.c.o
                0x0002edfe                ble_srv_is_notification_enabled
 .text.sd_ble_gap_data_length_update
                0x0002ee28        0x8 _build/nrf52832_xxaa/nrf_ble_gatt.c.o
 .text.sd_ble_gattc_exchange_mtu_request
                0x0002ee30        0x8 _build/nrf52832_xxaa/nrf_ble_gatt.c.o
 .text.sd_ble_gatts_exchange_mtu_reply
                0x0002ee38        0x8 _build/nrf52832_xxaa/nrf_ble_gatt.c.o
 .text.link_init
                0x0002ee40       0x38 _build/nrf52832_xxaa/nrf_ble_gatt.c.o
 .text.data_length_update
                0x0002ee78       0x6c _build/nrf52832_xxaa/nrf_ble_gatt.c.o
 .text.on_connected_evt
                0x0002eee4       0xb8 _build/nrf52832_xxaa/nrf_ble_gatt.c.o
 .text.on_disconnected_evt
                0x0002ef9c       0x24 _build/nrf52832_xxaa/nrf_ble_gatt.c.o
 .text.on_exchange_mtu_rsp_evt
                0x0002efc0       0x86 _build/nrf52832_xxaa/nrf_ble_gatt.c.o
 *fill*         0x0002f046        0x2 
 .text.on_exchange_mtu_request_evt
                0x0002f048       0xb0 _build/nrf52832_xxaa/nrf_ble_gatt.c.o
 .text.on_data_length_update_evt
                0x0002f0f8       0x7c _build/nrf52832_xxaa/nrf_ble_gatt.c.o
 .text.on_data_length_update_request_evt
                0x0002f174       0x84 _build/nrf52832_xxaa/nrf_ble_gatt.c.o
 .text.nrf_ble_gatt_init
                0x0002f1f8       0x58 _build/nrf52832_xxaa/nrf_ble_gatt.c.o
                0x0002f1f8                nrf_ble_gatt_init
 .text.nrf_ble_gatt_on_ble_evt
                0x0002f250       0xec _build/nrf52832_xxaa/nrf_ble_gatt.c.o
                0x0002f250                nrf_ble_gatt_on_ble_evt
 .text          0x0002f33c       0x3c _build/nrf52832_xxaa/gcc_startup_nrf52.S.o
                0x0002f33c                Reset_Handler
                0x0002f364                NMI_Handler
                0x0002f366                HardFault_Handler
                0x0002f368                MemoryManagement_Handler
                0x0002f36a                BusFault_Handler
                0x0002f36c                UsageFault_Handler
                0x0002f36e                SVC_Handler
                0x0002f370                DebugMon_Handler
                0x0002f372                PendSV_Handler
                0x0002f374                SysTick_Handler
                0x0002f376                TEMP_IRQHandler
                0x0002f376                QDEC_IRQHandler
                0x0002f376                TIMER3_IRQHandler
                0x0002f376                FPU_IRQHandler
                0x0002f376                PDM_IRQHandler
                0x0002f376                TIMER4_IRQHandler
                0x0002f376                I2S_IRQHandler
                0x0002f376                SWI4_EGU4_IRQHandler
                0x0002f376                RADIO_IRQHandler
                0x0002f376                TIMER1_IRQHandler
                0x0002f376                RTC0_IRQHandler
                0x0002f376                ECB_IRQHandler
                0x0002f376                SPIM1_SPIS1_TWIM1_TWIS1_SPI1_TWI1_IRQHandler
                0x0002f376                Default_Handler
                0x0002f376                SAADC_IRQHandler
                0x0002f376                CCM_AAR_IRQHandler
                0x0002f376                WDT_IRQHandler
                0x0002f376                PWM1_IRQHandler
                0x0002f376                SWI5_EGU5_IRQHandler
                0x0002f376                RNG_IRQHandler
                0x0002f376                RTC2_IRQHandler
                0x0002f376                SWI3_EGU3_IRQHandler
                0x0002f376                SWI1_EGU1_IRQHandler
                0x0002f376                SPIM2_SPIS2_SPI2_IRQHandler
                0x0002f376                NFCT_IRQHandler
                0x0002f376                PWM2_IRQHandler
                0x0002f376                MWU_IRQHandler
                0x0002f376                TIMER2_IRQHandler
                0x0002f376                COMP_LPCOMP_IRQHandler
 .text.NVIC_SystemReset
                0x0002f378       0x28 _build/nrf52832_xxaa/system_nrf52.c.o
 .text.SystemCoreClockUpdate
                0x0002f3a0       0x1c _build/nrf52832_xxaa/system_nrf52.c.o
                0x0002f3a0                SystemCoreClockUpdate
 .text.SystemInit
                0x0002f3bc      0x2bc _build/nrf52832_xxaa/system_nrf52.c.o
                0x0002f3bc                SystemInit
 .text.errata_12
                0x0002f678       0x64 _build/nrf52832_xxaa/system_nrf52.c.o
 .text.errata_16
                0x0002f6dc       0x44 _build/nrf52832_xxaa/system_nrf52.c.o
 .text.errata_31
                0x0002f720       0x64 _build/nrf52832_xxaa/system_nrf52.c.o
 .text.errata_32
                0x0002f784       0x44 _build/nrf52832_xxaa/system_nrf52.c.o
 .text.errata_36
                0x0002f7c8       0x64 _build/nrf52832_xxaa/system_nrf52.c.o
 .text.errata_37
                0x0002f82c       0x44 _build/nrf52832_xxaa/system_nrf52.c.o
 .text.errata_57
                0x0002f870       0x44 _build/nrf52832_xxaa/system_nrf52.c.o
 .text.errata_66
                0x0002f8b4       0x44 _build/nrf52832_xxaa/system_nrf52.c.o
 .text.errata_108
                0x0002f8f8       0x64 _build/nrf52832_xxaa/system_nrf52.c.o
 .text.errata_136
                0x0002f95c       0x64 _build/nrf52832_xxaa/system_nrf52.c.o
 .text.NVIC_EnableIRQ
                0x0002f9c0       0x34 _build/nrf52832_xxaa/nrf_sdh.c.o
 .text.NVIC_GetPriority
                0x0002f9f4       0x50 _build/nrf52832_xxaa/nrf_sdh.c.o
 .text.nrf_section_iter_get
                0x0002fa44       0x18 _build/nrf52832_xxaa/nrf_sdh.c.o
 .text.sd_softdevice_enable
                0x0002fa5c        0x8 _build/nrf52832_xxaa/nrf_sdh.c.o
 .text.__sd_nvic_app_accessible_irq
                0x0002fa64       0x60 _build/nrf52832_xxaa/nrf_sdh.c.o
 .text.__sd_nvic_is_app_accessible_priority
                0x0002fac4       0x36 _build/nrf52832_xxaa/nrf_sdh.c.o
 *fill*         0x0002fafa        0x2 
 .text.sd_nvic_EnableIRQ
                0x0002fafc       0x88 _build/nrf52832_xxaa/nrf_sdh.c.o
 .text.sdh_request_observer_notify
                0x0002fb84       0x68 _build/nrf52832_xxaa/nrf_sdh.c.o
 .text.sdh_state_observer_notify
                0x0002fbec       0x5c _build/nrf52832_xxaa/nrf_sdh.c.o
 .text.nrf_sdh_enable_request
                0x0002fc48       0x94 _build/nrf52832_xxaa/nrf_sdh.c.o
                0x0002fc48                nrf_sdh_enable_request
 .text.nrf_sdh_is_enabled
                0x0002fcdc       0x18 _build/nrf52832_xxaa/nrf_sdh.c.o
                0x0002fcdc                nrf_sdh_is_enabled
 .text.nrf_sdh_evts_poll
                0x0002fcf4       0x50 _build/nrf52832_xxaa/nrf_sdh.c.o
                0x0002fcf4                nrf_sdh_evts_poll
 .text.SWI2_EGU2_IRQHandler
                0x0002fd44        0xc _build/nrf52832_xxaa/nrf_sdh.c.o
                0x0002fd44                SWI2_EGU2_IRQHandler
 .text.sd_ble_enable
                0x0002fd50        0x8 _build/nrf52832_xxaa/nrf_sdh_ble.c.o
 .text.sd_ble_cfg_set
                0x0002fd58        0x8 _build/nrf52832_xxaa/nrf_sdh_ble.c.o
 .text.sd_ble_evt_get
                0x0002fd60        0x8 _build/nrf52832_xxaa/nrf_sdh_ble.c.o
 .text.nrf_section_iter_get
                0x0002fd68       0x18 _build/nrf52832_xxaa/nrf_sdh_ble.c.o
 .text.nrf_sdh_ble_app_ram_start_get
                0x0002fd80       0x2c _build/nrf52832_xxaa/nrf_sdh_ble.c.o
                0x0002fd80                nrf_sdh_ble_app_ram_start_get
 .text.nrf_sdh_ble_default_cfg_set
                0x0002fdac      0x1bc _build/nrf52832_xxaa/nrf_sdh_ble.c.o
                0x0002fdac                nrf_sdh_ble_default_cfg_set
 .text.ram_end_address_get
                0x0002ff68       0x24 _build/nrf52832_xxaa/nrf_sdh_ble.c.o
 .text.nrf_sdh_ble_enable
                0x0002ff8c       0x94 _build/nrf52832_xxaa/nrf_sdh_ble.c.o
                0x0002ff8c                nrf_sdh_ble_enable
 .text.nrf_sdh_ble_evts_poll
                0x00030020       0x98 _build/nrf52832_xxaa/nrf_sdh_ble.c.o
 .text.nrf_section_iter_get
                0x000300b8       0x18 _build/nrf52832_xxaa/nrf_sdh_soc.c.o
 .text.sd_evt_get
                0x000300d0        0x8 _build/nrf52832_xxaa/nrf_sdh_soc.c.o
 .text.nrf_sdh_soc_evts_poll
                0x000300d8       0x84 _build/nrf52832_xxaa/nrf_sdh_soc.c.o
 .text.exit     0x0003015c       0x28 c:/program files (x86)/gnu tools arm embedded/6 2017-q2-update/bin/../lib/gcc/arm-none-eabi/6.3.1/../../../../arm-none-eabi/lib/thumb/v7e-m/fpv4-sp/hard\libc_nano.a(lib_a-exit.o)
                0x0003015c                exit
 .text.__libc_init_array
                0x00030184       0x48 c:/program files (x86)/gnu tools arm embedded/6 2017-q2-update/bin/../lib/gcc/arm-none-eabi/6.3.1/../../../../arm-none-eabi/lib/thumb/v7e-m/fpv4-sp/hard\libc_nano.a(lib_a-init.o)
                0x00030184                __libc_init_array
 .text.__locale_ctype_ptr
                0x000301cc       0x1c c:/program files (x86)/gnu tools arm embedded/6 2017-q2-update/bin/../lib/gcc/arm-none-eabi/6.3.1/../../../../arm-none-eabi/lib/thumb/v7e-m/fpv4-sp/hard\libc_nano.a(lib_a-locale.o)
                0x000301cc                __locale_ctype_ptr
 .text.__ascii_mbtowc
                0x000301e8       0x24 c:/program files (x86)/gnu tools arm embedded/6 2017-q2-update/bin/../lib/gcc/arm-none-eabi/6.3.1/../../../../arm-none-eabi/lib/thumb/v7e-m/fpv4-sp/hard\libc_nano.a(lib_a-mbtowc_r.o)
                0x000301e8                __ascii_mbtowc
 .text.memcpy   0x0003020c       0x16 c:/program files (x86)/gnu tools arm embedded/6 2017-q2-update/bin/../lib/gcc/arm-none-eabi/6.3.1/../../../../arm-none-eabi/lib/thumb/v7e-m/fpv4-sp/hard\libc_nano.a(lib_a-memcpy-stub.o)
                0x0003020c                memcpy
 .text.memset   0x00030222       0x10 c:/program files (x86)/gnu tools arm embedded/6 2017-q2-update/bin/../lib/gcc/arm-none-eabi/6.3.1/../../../../arm-none-eabi/lib/thumb/v7e-m/fpv4-sp/hard\libc_nano.a(lib_a-memset.o)
                0x00030222                memset
 .text.__cvt    0x00030232       0xc2 c:/program files (x86)/gnu tools arm embedded/6 2017-q2-update/bin/../lib/gcc/arm-none-eabi/6.3.1/../../../../arm-none-eabi/lib/thumb/v7e-m/fpv4-sp/hard\libc_nano.a(lib_a-nano-vfprintf_float.o)
                0x00030232                __cvt
 .text.__exponent
                0x000302f4       0x6a c:/program files (x86)/gnu tools arm embedded/6 2017-q2-update/bin/../lib/gcc/arm-none-eabi/6.3.1/../../../../arm-none-eabi/lib/thumb/v7e-m/fpv4-sp/hard\libc_nano.a(lib_a-nano-vfprintf_float.o)
                0x000302f4                __exponent
 *fill*         0x0003035e        0x2 
 .text._printf_float
                0x00030360      0x480 c:/program files (x86)/gnu tools arm embedded/6 2017-q2-update/bin/../lib/gcc/arm-none-eabi/6.3.1/../../../../arm-none-eabi/lib/thumb/v7e-m/fpv4-sp/hard\libc_nano.a(lib_a-nano-vfprintf_float.o)
                0x00030360                _printf_float
 .text._printf_common
                0x000307e0       0xec c:/program files (x86)/gnu tools arm embedded/6 2017-q2-update/bin/../lib/gcc/arm-none-eabi/6.3.1/../../../../arm-none-eabi/lib/thumb/v7e-m/fpv4-sp/hard\libc_nano.a(lib_a-nano-vfprintf_i.o)
                0x000307e0                _printf_common
 .text._printf_i
                0x000308cc      0x240 c:/program files (x86)/gnu tools arm embedded/6 2017-q2-update/bin/../lib/gcc/arm-none-eabi/6.3.1/../../../../arm-none-eabi/lib/thumb/v7e-m/fpv4-sp/hard\libc_nano.a(lib_a-nano-vfprintf_i.o)
                0x000308cc                _printf_i
 .text.sprintf  0x00030b0c       0x48 c:/program files (x86)/gnu tools arm embedded/6 2017-q2-update/bin/../lib/gcc/arm-none-eabi/6.3.1/../../../../arm-none-eabi/lib/thumb/v7e-m/fpv4-sp/hard\libc_nano.a(lib_a-sprintf.o)
                0x00030b0c                siprintf
                0x00030b0c                sprintf
 .text.strcpy   0x00030b54       0x10 c:/program files (x86)/gnu tools arm embedded/6 2017-q2-update/bin/../lib/gcc/arm-none-eabi/6.3.1/../../../../arm-none-eabi/lib/thumb/v7e-m/fpv4-sp/hard\libc_nano.a(lib_a-strcpy.o)
                0x00030b54                strcpy
 .text          0x00030b64       0x10 c:/program files (x86)/gnu tools arm embedded/6 2017-q2-update/bin/../lib/gcc/arm-none-eabi/6.3.1/../../../../arm-none-eabi/lib/thumb/v7e-m/fpv4-sp/hard\libc_nano.a(lib_a-strlen.o)
                0x00030b64                strlen
 .text.__ascii_wctomb
                0x00030b74       0x1a c:/program files (x86)/gnu tools arm embedded/6 2017-q2-update/bin/../lib/gcc/arm-none-eabi/6.3.1/../../../../arm-none-eabi/lib/thumb/v7e-m/fpv4-sp/hard\libc_nano.a(lib_a-wctomb_r.o)
                0x00030b74                __ascii_wctomb
 .text.quorem   0x00030b8e      0x118 c:/program files (x86)/gnu tools arm embedded/6 2017-q2-update/bin/../lib/gcc/arm-none-eabi/6.3.1/../../../../arm-none-eabi/lib/thumb/v7e-m/fpv4-sp/hard\libc_nano.a(lib_a-dtoa.o)
 *fill*         0x00030ca6        0x2 
 .text._dtoa_r  0x00030ca8      0xb9c c:/program files (x86)/gnu tools arm embedded/6 2017-q2-update/bin/../lib/gcc/arm-none-eabi/6.3.1/../../../../arm-none-eabi/lib/thumb/v7e-m/fpv4-sp/hard\libc_nano.a(lib_a-dtoa.o)
                0x00030ca8                _dtoa_r
 .text._localeconv_r
                0x00031844       0x1c c:/program files (x86)/gnu tools arm embedded/6 2017-q2-update/bin/../lib/gcc/arm-none-eabi/6.3.1/../../../../arm-none-eabi/lib/thumb/v7e-m/fpv4-sp/hard\libc_nano.a(lib_a-localeconv.o)
                0x00031844                _localeconv_r
 .text.malloc   0x00031860       0x10 c:/program files (x86)/gnu tools arm embedded/6 2017-q2-update/bin/../lib/gcc/arm-none-eabi/6.3.1/../../../../arm-none-eabi/lib/thumb/v7e-m/fpv4-sp/hard\libc_nano.a(lib_a-malloc.o)
                0x00031860                malloc
 .text          0x00031870       0xa0 c:/program files (x86)/gnu tools arm embedded/6 2017-q2-update/bin/../lib/gcc/arm-none-eabi/6.3.1/../../../../arm-none-eabi/lib/thumb/v7e-m/fpv4-sp/hard\libc_nano.a(lib_a-memchr.o)
                0x00031870                memchr
 .text._Balloc  0x00031910       0x68 c:/program files (x86)/gnu tools arm embedded/6 2017-q2-update/bin/../lib/gcc/arm-none-eabi/6.3.1/../../../../arm-none-eabi/lib/thumb/v7e-m/fpv4-sp/hard\libc_nano.a(lib_a-mprec.o)
                0x00031910                _Balloc
 .text._Bfree   0x00031978       0x2e c:/program files (x86)/gnu tools arm embedded/6 2017-q2-update/bin/../lib/gcc/arm-none-eabi/6.3.1/../../../../arm-none-eabi/lib/thumb/v7e-m/fpv4-sp/hard\libc_nano.a(lib_a-mprec.o)
                0x00031978                _Bfree
 .text.__multadd
                0x000319a6       0x76 c:/program files (x86)/gnu tools arm embedded/6 2017-q2-update/bin/../lib/gcc/arm-none-eabi/6.3.1/../../../../arm-none-eabi/lib/thumb/v7e-m/fpv4-sp/hard\libc_nano.a(lib_a-mprec.o)
                0x000319a6                __multadd
 .text.__hi0bits
                0x00031a1c       0x3e c:/program files (x86)/gnu tools arm embedded/6 2017-q2-update/bin/../lib/gcc/arm-none-eabi/6.3.1/../../../../arm-none-eabi/lib/thumb/v7e-m/fpv4-sp/hard\libc_nano.a(lib_a-mprec.o)
                0x00031a1c                __hi0bits
 .text.__lo0bits
                0x00031a5a       0x5e c:/program files (x86)/gnu tools arm embedded/6 2017-q2-update/bin/../lib/gcc/arm-none-eabi/6.3.1/../../../../arm-none-eabi/lib/thumb/v7e-m/fpv4-sp/hard\libc_nano.a(lib_a-mprec.o)
                0x00031a5a                __lo0bits
 .text.__i2b    0x00031ab8       0x12 c:/program files (x86)/gnu tools arm embedded/6 2017-q2-update/bin/../lib/gcc/arm-none-eabi/6.3.1/../../../../arm-none-eabi/lib/thumb/v7e-m/fpv4-sp/hard\libc_nano.a(lib_a-mprec.o)
                0x00031ab8                __i2b
 .text.__multiply
                0x00031aca      0x11a c:/program files (x86)/gnu tools arm embedded/6 2017-q2-update/bin/../lib/gcc/arm-none-eabi/6.3.1/../../../../arm-none-eabi/lib/thumb/v7e-m/fpv4-sp/hard\libc_nano.a(lib_a-mprec.o)
                0x00031aca                __multiply
 .text.__pow5mult
                0x00031be4       0x9c c:/program files (x86)/gnu tools arm embedded/6 2017-q2-update/bin/../lib/gcc/arm-none-eabi/6.3.1/../../../../arm-none-eabi/lib/thumb/v7e-m/fpv4-sp/hard\libc_nano.a(lib_a-mprec.o)
                0x00031be4                __pow5mult
 .text.__lshift
                0x00031c80       0xa2 c:/program files (x86)/gnu tools arm embedded/6 2017-q2-update/bin/../lib/gcc/arm-none-eabi/6.3.1/../../../../arm-none-eabi/lib/thumb/v7e-m/fpv4-sp/hard\libc_nano.a(lib_a-mprec.o)
                0x00031c80                __lshift
 .text.__mcmp   0x00031d22       0x34 c:/program files (x86)/gnu tools arm embedded/6 2017-q2-update/bin/../lib/gcc/arm-none-eabi/6.3.1/../../../../arm-none-eabi/lib/thumb/v7e-m/fpv4-sp/hard\libc_nano.a(lib_a-mprec.o)
                0x00031d22                __mcmp
 .text.__mdiff  0x00031d56       0xbc c:/program files (x86)/gnu tools arm embedded/6 2017-q2-update/bin/../lib/gcc/arm-none-eabi/6.3.1/../../../../arm-none-eabi/lib/thumb/v7e-m/fpv4-sp/hard\libc_nano.a(lib_a-mprec.o)
                0x00031d56                __mdiff
 .text.__d2b    0x00031e12       0x9e c:/program files (x86)/gnu tools arm embedded/6 2017-q2-update/bin/../lib/gcc/arm-none-eabi/6.3.1/../../../../arm-none-eabi/lib/thumb/v7e-m/fpv4-sp/hard\libc_nano.a(lib_a-mprec.o)
                0x00031e12                __d2b
 .text._calloc_r
                0x00031eb0       0x1c c:/program files (x86)/gnu tools arm embedded/6 2017-q2-update/bin/../lib/gcc/arm-none-eabi/6.3.1/../../../../arm-none-eabi/lib/thumb/v7e-m/fpv4-sp/hard\libc_nano.a(lib_a-nano-callocr.o)
                0x00031eb0                _calloc_r
 .text._free_r  0x00031ecc       0x9c c:/program files (x86)/gnu tools arm embedded/6 2017-q2-update/bin/../lib/gcc/arm-none-eabi/6.3.1/../../../../arm-none-eabi/lib/thumb/v7e-m/fpv4-sp/hard\libc_nano.a(lib_a-nano-freer.o)
                0x00031ecc                _free_r
 .text._malloc_r
                0x00031f68       0xbc c:/program files (x86)/gnu tools arm embedded/6 2017-q2-update/bin/../lib/gcc/arm-none-eabi/6.3.1/../../../../arm-none-eabi/lib/thumb/v7e-m/fpv4-sp/hard\libc_nano.a(lib_a-nano-mallocr.o)
                0x00031f68                _malloc_r
 .text.__ssputs_r
                0x00032024       0xb6 c:/program files (x86)/gnu tools arm embedded/6 2017-q2-update/bin/../lib/gcc/arm-none-eabi/6.3.1/../../../../arm-none-eabi/lib/thumb/v7e-m/fpv4-sp/hard\libc_nano.a(lib_a-nano-svfprintf.o)
                0x00032024                __ssputs_r
 *fill*         0x000320da        0x2 
 .text._svfprintf_r
                0x000320dc      0x1e8 c:/program files (x86)/gnu tools arm embedded/6 2017-q2-update/bin/../lib/gcc/arm-none-eabi/6.3.1/../../../../arm-none-eabi/lib/thumb/v7e-m/fpv4-sp/hard\libc_nano.a(lib_a-nano-svfprintf.o)
                0x000320dc                _svfiprintf_r
                0x000320dc                _svfprintf_r
 .text._sbrk_r  0x000322c4       0x20 c:/program files (x86)/gnu tools arm embedded/6 2017-q2-update/bin/../lib/gcc/arm-none-eabi/6.3.1/../../../../arm-none-eabi/lib/thumb/v7e-m/fpv4-sp/hard\libc_nano.a(lib_a-sbrkr.o)
                0x000322c4                _sbrk_r
 .text.memmove  0x000322e4       0x34 c:/program files (x86)/gnu tools arm embedded/6 2017-q2-update/bin/../lib/gcc/arm-none-eabi/6.3.1/../../../../arm-none-eabi/lib/thumb/v7e-m/fpv4-sp/hard\libc_nano.a(lib_a-memmove.o)
                0x000322e4                memmove
 .text.__malloc_lock
                0x00032318        0x2 c:/program files (x86)/gnu tools arm embedded/6 2017-q2-update/bin/../lib/gcc/arm-none-eabi/6.3.1/../../../../arm-none-eabi/lib/thumb/v7e-m/fpv4-sp/hard\libc_nano.a(lib_a-mlock.o)
                0x00032318                __malloc_lock
 .text.__malloc_unlock
                0x0003231a        0x2 c:/program files (x86)/gnu tools arm embedded/6 2017-q2-update/bin/../lib/gcc/arm-none-eabi/6.3.1/../../../../arm-none-eabi/lib/thumb/v7e-m/fpv4-sp/hard\libc_nano.a(lib_a-mlock.o)
                0x0003231a                __malloc_unlock
 .text._realloc_r
                0x0003231c       0x4c c:/program files (x86)/gnu tools arm embedded/6 2017-q2-update/bin/../lib/gcc/arm-none-eabi/6.3.1/../../../../arm-none-eabi/lib/thumb/v7e-m/fpv4-sp/hard\libc_nano.a(lib_a-nano-reallocr.o)
                0x0003231c                _realloc_r
 .text._malloc_usable_size_r
                0x00032368       0x12 c:/program files (x86)/gnu tools arm embedded/6 2017-q2-update/bin/../lib/gcc/arm-none-eabi/6.3.1/../../../../arm-none-eabi/lib/thumb/v7e-m/fpv4-sp/hard\libc_nano.a(lib_a-nano-msizer.o)
                0x00032368                _malloc_usable_size_r
 *fill*         0x0003237a        0x2 
 .text._sbrk    0x0003237c       0x1c c:/program files (x86)/gnu tools arm embedded/6 2017-q2-update/bin/../lib/gcc/arm-none-eabi/6.3.1/../../../../arm-none-eabi/lib/thumb/v7e-m/fpv4-sp/hard\libnosys.a(sbrk.o)
                0x0003237c                _sbrk
 .text._exit    0x00032398        0x4 c:/program files (x86)/gnu tools arm embedded/6 2017-q2-update/bin/../lib/gcc/arm-none-eabi/6.3.1/../../../../arm-none-eabi/lib/thumb/v7e-m/fpv4-sp/hard\libnosys.a(_exit.o)
                0x00032398                _exit
 .text.atanf    0x0003239c      0x1b0 c:/program files (x86)/gnu tools arm embedded/6 2017-q2-update/bin/../lib/gcc/arm-none-eabi/6.3.1/../../../../arm-none-eabi/lib/thumb/v7e-m/fpv4-sp/hard\libm.a(lib_a-sf_atan.o)
                0x0003239c                atanf
 .text.fabsf    0x0003254c       0x10 c:/program files (x86)/gnu tools arm embedded/6 2017-q2-update/bin/../lib/gcc/arm-none-eabi/6.3.1/../../../../arm-none-eabi/lib/thumb/v7e-m/fpv4-sp/hard\libm.a(lib_a-sf_fabs.o)
                0x0003254c                fabsf
 *fill*         0x0003255c        0x4 
 .text.pow      0x00032560      0x320 c:/program files (x86)/gnu tools arm embedded/6 2017-q2-update/bin/../lib/gcc/arm-none-eabi/6.3.1/../../../../arm-none-eabi/lib/thumb/v7e-m/fpv4-sp/hard\libm.a(lib_a-w_pow.o)
                0x00032560                pow
 .text.sqrt     0x00032880       0xb8 c:/program files (x86)/gnu tools arm embedded/6 2017-q2-update/bin/../lib/gcc/arm-none-eabi/6.3.1/../../../../arm-none-eabi/lib/thumb/v7e-m/fpv4-sp/hard\libm.a(lib_a-w_sqrt.o)
                0x00032880                sqrt
 .text.atan2f   0x00032938        0x4 c:/program files (x86)/gnu tools arm embedded/6 2017-q2-update/bin/../lib/gcc/arm-none-eabi/6.3.1/../../../../arm-none-eabi/lib/thumb/v7e-m/fpv4-sp/hard\libm.a(lib_a-wf_atan2.o)
                0x00032938                atan2f
 *fill*         0x0003293c        0x4 
 .text.__ieee754_pow
                0x00032940      0xae0 c:/program files (x86)/gnu tools arm embedded/6 2017-q2-update/bin/../lib/gcc/arm-none-eabi/6.3.1/../../../../arm-none-eabi/lib/thumb/v7e-m/fpv4-sp/hard\libm.a(lib_a-e_pow.o)
                0x00032940                __ieee754_pow
 .text.__ieee754_sqrt
                0x00033420      0x198 c:/program files (x86)/gnu tools arm embedded/6 2017-q2-update/bin/../lib/gcc/arm-none-eabi/6.3.1/../../../../arm-none-eabi/lib/thumb/v7e-m/fpv4-sp/hard\libm.a(lib_a-e_sqrt.o)
                0x00033420                __ieee754_sqrt
 .text.__ieee754_atan2f
                0x000335b8      0x180 c:/program files (x86)/gnu tools arm embedded/6 2017-q2-update/bin/../lib/gcc/arm-none-eabi/6.3.1/../../../../arm-none-eabi/lib/thumb/v7e-m/fpv4-sp/hard\libm.a(lib_a-ef_atan2.o)
                0x000335b8                __ieee754_atan2f
 .text.fabs     0x00033738       0x10 c:/program files (x86)/gnu tools arm embedded/6 2017-q2-update/bin/../lib/gcc/arm-none-eabi/6.3.1/../../../../arm-none-eabi/lib/thumb/v7e-m/fpv4-sp/hard\libm.a(lib_a-s_fabs.o)
                0x00033738                fabs
 .text.finite   0x00033748       0x10 c:/program files (x86)/gnu tools arm embedded/6 2017-q2-update/bin/../lib/gcc/arm-none-eabi/6.3.1/../../../../arm-none-eabi/lib/thumb/v7e-m/fpv4-sp/hard\libm.a(lib_a-s_finite.o)
                0x00033748                finite
 .text.matherr  0x00033758        0x4 c:/program files (x86)/gnu tools arm embedded/6 2017-q2-update/bin/../lib/gcc/arm-none-eabi/6.3.1/../../../../arm-none-eabi/lib/thumb/v7e-m/fpv4-sp/hard\libm.a(lib_a-s_matherr.o)
                0x00033758                matherr
 *fill*         0x0003375c        0x4 
 .text.nan      0x00033760       0x10 c:/program files (x86)/gnu tools arm embedded/6 2017-q2-update/bin/../lib/gcc/arm-none-eabi/6.3.1/../../../../arm-none-eabi/lib/thumb/v7e-m/fpv4-sp/hard\libm.a(lib_a-s_nan.o)
                0x00033760                nan
 .text.rint     0x00033770      0x124 c:/program files (x86)/gnu tools arm embedded/6 2017-q2-update/bin/../lib/gcc/arm-none-eabi/6.3.1/../../../../arm-none-eabi/lib/thumb/v7e-m/fpv4-sp/hard\libm.a(lib_a-s_rint.o)
                0x00033770                rint
 *fill*         0x00033894        0x4 
 .text.scalbn   0x00033898      0x10c c:/program files (x86)/gnu tools arm embedded/6 2017-q2-update/bin/../lib/gcc/arm-none-eabi/6.3.1/../../../../arm-none-eabi/lib/thumb/v7e-m/fpv4-sp/hard\libm.a(lib_a-s_scalbn.o)
                0x00033898                scalbn
 .text.copysign
                0x000339a4       0x1c c:/program files (x86)/gnu tools arm embedded/6 2017-q2-update/bin/../lib/gcc/arm-none-eabi/6.3.1/../../../../arm-none-eabi/lib/thumb/v7e-m/fpv4-sp/hard\libm.a(lib_a-s_copysign.o)
                0x000339a4                copysign
 .text          0x000339c0      0x370 c:/program files (x86)/gnu tools arm embedded/6 2017-q2-update/bin/../lib/gcc/arm-none-eabi/6.3.1/thumb/v7e-m/fpv4-sp/hard\libgcc.a(_arm_addsubdf3.o)
                0x000339c0                __aeabi_drsub
                0x000339c8                __aeabi_dsub
                0x000339c8                __subdf3
                0x000339cc                __aeabi_dadd
                0x000339cc                __adddf3
                0x00033c44                __floatunsidf
                0x00033c44                __aeabi_ui2d
                0x00033c64                __floatsidf
                0x00033c64                __aeabi_i2d
                0x00033c88                __aeabi_f2d
                0x00033c88                __extendsfdf2
                0x00033cc4                __floatundidf
                0x00033cc4                __aeabi_ul2d
                0x00033cd4                __floatdidf
                0x00033cd4                __aeabi_l2d
 .text          0x00033d30      0x424 c:/program files (x86)/gnu tools arm embedded/6 2017-q2-update/bin/../lib/gcc/arm-none-eabi/6.3.1/thumb/v7e-m/fpv4-sp/hard\libgcc.a(_arm_muldivdf3.o)
                0x00033d30                __aeabi_dmul
                0x00033d30                __muldf3
                0x00033f84                __divdf3
                0x00033f84                __aeabi_ddiv
 .text          0x00034154      0x110 c:/program files (x86)/gnu tools arm embedded/6 2017-q2-update/bin/../lib/gcc/arm-none-eabi/6.3.1/thumb/v7e-m/fpv4-sp/hard\libgcc.a(_arm_cmpdf2.o)
                0x00034154                __gtdf2
                0x00034154                __gedf2
                0x0003415c                __ltdf2
                0x0003415c                __ledf2
                0x00034164                __nedf2
                0x00034164                __eqdf2
                0x00034164                __cmpdf2
                0x000341e0                __aeabi_cdrcmple
                0x000341f0                __aeabi_cdcmpeq
                0x000341f0                __aeabi_cdcmple
                0x00034200                __aeabi_dcmpeq
                0x00034214                __aeabi_dcmplt
                0x00034228                __aeabi_dcmple
                0x0003423c                __aeabi_dcmpge
                0x00034250                __aeabi_dcmpgt
 .text          0x00034264       0x2c c:/program files (x86)/gnu tools arm embedded/6 2017-q2-update/bin/../lib/gcc/arm-none-eabi/6.3.1/thumb/v7e-m/fpv4-sp/hard\libgcc.a(_arm_unorddf2.o)
                0x00034264                __unorddf2
                0x00034264                __aeabi_dcmpun
 .text          0x00034290       0x50 c:/program files (x86)/gnu tools arm embedded/6 2017-q2-update/bin/../lib/gcc/arm-none-eabi/6.3.1/thumb/v7e-m/fpv4-sp/hard\libgcc.a(_arm_fixdfsi.o)
                0x00034290                __aeabi_d2iz
                0x00034290                __fixdfsi
 .text          0x000342e0       0xa0 c:/program files (x86)/gnu tools arm embedded/6 2017-q2-update/bin/../lib/gcc/arm-none-eabi/6.3.1/thumb/v7e-m/fpv4-sp/hard\libgcc.a(_arm_truncdfsf2.o)
                0x000342e0                __truncdfsf2
                0x000342e0                __aeabi_d2f
 .text.__errno  0x00034380        0xc c:/program files (x86)/gnu tools arm embedded/6 2017-q2-update/bin/../lib/gcc/arm-none-eabi/6.3.1/../../../../arm-none-eabi/lib/thumb/v7e-m/fpv4-sp/hard\libg_nano.a(lib_a-errno.o)
                0x00034380                __errno
 *(.init)
 .init          0x0003438c        0x4 c:/program files (x86)/gnu tools arm embedded/6 2017-q2-update/bin/../lib/gcc/arm-none-eabi/6.3.1/thumb/v7e-m/fpv4-sp/hard/crti.o
                0x0003438c                _init
 .init          0x00034390        0x8 c:/program files (x86)/gnu tools arm embedded/6 2017-q2-update/bin/../lib/gcc/arm-none-eabi/6.3.1/thumb/v7e-m/fpv4-sp/hard/crtn.o
 *(.fini)
 .fini          0x00034398        0x4 c:/program files (x86)/gnu tools arm embedded/6 2017-q2-update/bin/../lib/gcc/arm-none-eabi/6.3.1/thumb/v7e-m/fpv4-sp/hard/crti.o
                0x00034398                _fini
 .fini          0x0003439c        0x8 c:/program files (x86)/gnu tools arm embedded/6 2017-q2-update/bin/../lib/gcc/arm-none-eabi/6.3.1/thumb/v7e-m/fpv4-sp/hard/crtn.o
 *crtbegin.o(.ctors)
 *crtbegin?.o(.ctors)
 *(EXCLUDE_FILE(*crtend.o *crtend?.o) .ctors)
 *(SORT(.ctors.*))
 *(.ctors)
 *crtbegin.o(.dtors)
 *crtbegin?.o(.dtors)
 *(EXCLUDE_FILE(*crtend.o *crtend?.o) .dtors)
 *(SORT(.dtors.*))
 *(.dtors)
 *(.rodata*)
 .rodata.nrf_log_backend_rtt_api
                0x000343a4        0xc _build/nrf52832_xxaa/nrf_log_backend_rtt.c.o
                0x000343a4                nrf_log_backend_rtt_api
 .rodata.mempool
                0x000343b0       0x14 _build/nrf52832_xxaa/nrf_log_frontend.c.o
 .rodata        0x000343c4       0x10 _build/nrf52832_xxaa/nrf_log_frontend.c.o
 .rodata        0x000343d4       0x92 _build/nrf52832_xxaa/nrf_log_str_formatter.c.o
 *fill*         0x00034466        0x2 
 .rodata        0x00034468        0x6 _build/nrf52832_xxaa/app_error_weak.c.o
 *fill*         0x0003446e        0x2 
 .rodata        0x00034470       0x39 _build/nrf52832_xxaa/app_timer.c.o
 *fill*         0x000344a9        0x3 
 .rodata        0x000344ac        0x7 _build/nrf52832_xxaa/nrf_balloc.c.o
 *fill*         0x000344b3        0x1 
 .rodata._aV2C.7830
                0x000344b4       0x10 _build/nrf52832_xxaa/nrf_fprintf_format.c.o
 .rodata        0x000344c4        0x9 _build/nrf52832_xxaa/nrf_pwr_mgmt.c.o
 *fill*         0x000344cd        0x3 
 .rodata.m_unknown_str
                0x000344d0       0x13 _build/nrf52832_xxaa/nrf_strerror.c.o
 *fill*         0x000344e3        0x1 
 .rodata        0x000344e4      0x308 _build/nrf52832_xxaa/nrf_strerror.c.o
 .rodata.nrf_strerror_array
                0x000347ec       0xf0 _build/nrf52832_xxaa/nrf_strerror.c.o
 .rodata.m_board_led_list
                0x000348dc        0x4 _build/nrf52832_xxaa/boards.c.o
 .rodata        0x000348e0        0x6 _build/nrf52832_xxaa/nrf_drv_clock.c.o
 *fill*         0x000348e6        0x2 
 .rodata        0x000348e8        0x7 _build/nrf52832_xxaa/nrf_drv_gpiote.c.o
 *fill*         0x000348ef        0x1 
 .rodata        0x000348f0        0x4 _build/nrf52832_xxaa/nrf_drv_twi.c.o
 .rodata        0x000348f4        0x5 _build/nrf52832_xxaa/nrf_drv_uart.c.o
 *fill*         0x000348f9        0x3 
 .rodata        0x000348fc        0x4 _build/nrf52832_xxaa/nrf_drv_pwm.c.o
 .rodata        0x00034900        0x6 _build/nrf52832_xxaa/nrf_drv_timer.c.o
 *fill*         0x00034906        0x2 
 .rodata        0x00034908       0x1e _build/nrf52832_xxaa/i2cdev.c.o
 *fill*         0x00034926        0x2 
 .rodata        0x00034928      0x10f _build/nrf52832_xxaa/mpu9250.c.o
 *fill*         0x00034a37        0x1 
 .rodata.nordic_hawk_config
                0x00034a38        0xb _build/nrf52832_xxaa/sensor_fusion.c.o
                0x00034a38                nordic_hawk_config
 *fill*         0x00034a43        0x1 
 .rodata        0x00034a44       0x3e _build/nrf52832_xxaa/sensor_fusion.c.o
 *fill*         0x00034a82        0x2 
 .rodata        0x00034a84       0x19 _build/nrf52832_xxaa/real_time_debugger.c.o
 *fill*         0x00034a9d        0x3 
 .rodata        0x00034aa0       0x28 _build/nrf52832_xxaa/ble_sensor_service.c.o
 .rodata.m_mpu_timer_read
                0x00034ac8        0x4 _build/nrf52832_xxaa/main.c.o
 .rodata        0x00034acc       0x5e _build/nrf52832_xxaa/main.c.o
 *fill*         0x00034b2a        0x2 
 .rodata        0x00034b2c       0x17 _build/nrf52832_xxaa/SEGGER_RTT.c.o
 *fill*         0x00034b43        0x1 
 .rodata        0x00034b44       0x39 _build/nrf52832_xxaa/ble_conn_state.c.o
 *fill*         0x00034b7d        0x3 
 .rodata        0x00034b80      0x13c _build/nrf52832_xxaa/nrf_ble_gatt.c.o
 .rodata        0x00034cbc       0x45 _build/nrf52832_xxaa/nrf_sdh.c.o
 *fill*         0x00034d01        0x3 
 .rodata.sdh_req_observers
                0x00034d04        0xc _build/nrf52832_xxaa/nrf_sdh.c.o
 .rodata.sdh_state_observers
                0x00034d10        0xc _build/nrf52832_xxaa/nrf_sdh.c.o
 .rodata.sdh_stack_observers
                0x00034d1c        0xc _build/nrf52832_xxaa/nrf_sdh.c.o
 .rodata        0x00034d28      0x241 _build/nrf52832_xxaa/nrf_sdh_ble.c.o
 *fill*         0x00034f69        0x3 
 .rodata.sdh_ble_observers
                0x00034f6c        0xc _build/nrf52832_xxaa/nrf_sdh_ble.c.o
 .rodata        0x00034f78       0x49 _build/nrf52832_xxaa/nrf_sdh_soc.c.o
 *fill*         0x00034fc1        0x3 
 .rodata.sdh_soc_observers
                0x00034fc4        0xc _build/nrf52832_xxaa/nrf_sdh_soc.c.o
 .rodata._global_impure_ptr
                0x00034fd0        0x4 c:/program files (x86)/gnu tools arm embedded/6 2017-q2-update/bin/../lib/gcc/arm-none-eabi/6.3.1/../../../../arm-none-eabi/lib/thumb/v7e-m/fpv4-sp/hard\libc_nano.a(lib_a-impure.o)
                0x00034fd0                _global_impure_ptr
 .rodata._setlocale_r.str1.1
                0x00034fd4        0x8 c:/program files (x86)/gnu tools arm embedded/6 2017-q2-update/bin/../lib/gcc/arm-none-eabi/6.3.1/../../../../arm-none-eabi/lib/thumb/v7e-m/fpv4-sp/hard\libc_nano.a(lib_a-locale.o)
                                  0x9 (size before relaxing)
 .rodata.str1.1
                0x00034fdc        0x2 c:/program files (x86)/gnu tools arm embedded/6 2017-q2-update/bin/../lib/gcc/arm-none-eabi/6.3.1/../../../../arm-none-eabi/lib/thumb/v7e-m/fpv4-sp/hard\libc_nano.a(lib_a-locale.o)
 .rodata._printf_float.str1.1
                0x00034fde       0x12 c:/program files (x86)/gnu tools arm embedded/6 2017-q2-update/bin/../lib/gcc/arm-none-eabi/6.3.1/../../../../arm-none-eabi/lib/thumb/v7e-m/fpv4-sp/hard\libc_nano.a(lib_a-nano-vfprintf_float.o)
 .rodata._printf_i.str1.1
                0x00034ff0       0x22 c:/program files (x86)/gnu tools arm embedded/6 2017-q2-update/bin/../lib/gcc/arm-none-eabi/6.3.1/../../../../arm-none-eabi/lib/thumb/v7e-m/fpv4-sp/hard\libc_nano.a(lib_a-nano-vfprintf_i.o)
 .rodata._ctype_
                0x00035012      0x101 c:/program files (x86)/gnu tools arm embedded/6 2017-q2-update/bin/../lib/gcc/arm-none-eabi/6.3.1/../../../../arm-none-eabi/lib/thumb/v7e-m/fpv4-sp/hard\libc_nano.a(lib_a-ctype_.o)
                0x00035012                _ctype_
 .rodata._dtoa_r.str1.1
                0x00035113        0xd c:/program files (x86)/gnu tools arm embedded/6 2017-q2-update/bin/../lib/gcc/arm-none-eabi/6.3.1/../../../../arm-none-eabi/lib/thumb/v7e-m/fpv4-sp/hard\libc_nano.a(lib_a-dtoa.o)
                                  0xf (size before relaxing)
 .rodata.__mprec_bigtens
                0x00035120       0x28 c:/program files (x86)/gnu tools arm embedded/6 2017-q2-update/bin/../lib/gcc/arm-none-eabi/6.3.1/../../../../arm-none-eabi/lib/thumb/v7e-m/fpv4-sp/hard\libc_nano.a(lib_a-mprec.o)
                0x00035120                __mprec_bigtens
 .rodata.__mprec_tens
                0x00035148       0xc8 c:/program files (x86)/gnu tools arm embedded/6 2017-q2-update/bin/../lib/gcc/arm-none-eabi/6.3.1/../../../../arm-none-eabi/lib/thumb/v7e-m/fpv4-sp/hard\libc_nano.a(lib_a-mprec.o)
                0x00035148                __mprec_tens
 .rodata.p05.7170
                0x00035210        0xc c:/program files (x86)/gnu tools arm embedded/6 2017-q2-update/bin/../lib/gcc/arm-none-eabi/6.3.1/../../../../arm-none-eabi/lib/thumb/v7e-m/fpv4-sp/hard\libc_nano.a(lib_a-mprec.o)
 .rodata._svfprintf_r.str1.1
                0x0003521c       0x11 c:/program files (x86)/gnu tools arm embedded/6 2017-q2-update/bin/../lib/gcc/arm-none-eabi/6.3.1/../../../../arm-none-eabi/lib/thumb/v7e-m/fpv4-sp/hard\libc_nano.a(lib_a-nano-svfprintf.o)
 *fill*         0x0003522d        0x3 
 .rodata.atanhi
                0x00035230       0x10 c:/program files (x86)/gnu tools arm embedded/6 2017-q2-update/bin/../lib/gcc/arm-none-eabi/6.3.1/../../../../arm-none-eabi/lib/thumb/v7e-m/fpv4-sp/hard\libm.a(lib_a-sf_atan.o)
 .rodata.atanlo
                0x00035240       0x10 c:/program files (x86)/gnu tools arm embedded/6 2017-q2-update/bin/../lib/gcc/arm-none-eabi/6.3.1/../../../../arm-none-eabi/lib/thumb/v7e-m/fpv4-sp/hard\libm.a(lib_a-sf_atan.o)
 .rodata.pow.str1.4
                0x00035250        0x4 c:/program files (x86)/gnu tools arm embedded/6 2017-q2-update/bin/../lib/gcc/arm-none-eabi/6.3.1/../../../../arm-none-eabi/lib/thumb/v7e-m/fpv4-sp/hard\libm.a(lib_a-w_pow.o)
 .rodata.sqrt.str1.4
                0x00035254        0x5 c:/program files (x86)/gnu tools arm embedded/6 2017-q2-update/bin/../lib/gcc/arm-none-eabi/6.3.1/../../../../arm-none-eabi/lib/thumb/v7e-m/fpv4-sp/hard\libm.a(lib_a-w_sqrt.o)
 .rodata.__ieee754_pow.str1.4
                0x00035259        0x8 c:/program files (x86)/gnu tools arm embedded/6 2017-q2-update/bin/../lib/gcc/arm-none-eabi/6.3.1/../../../../arm-none-eabi/lib/thumb/v7e-m/fpv4-sp/hard\libm.a(lib_a-e_pow.o)
                                  0x1 (size before relaxing)
 *fill*         0x00035259        0x7 
 .rodata.TWO52  0x00035260       0x10 c:/program files (x86)/gnu tools arm embedded/6 2017-q2-update/bin/../lib/gcc/arm-none-eabi/6.3.1/../../../../arm-none-eabi/lib/thumb/v7e-m/fpv4-sp/hard\libm.a(lib_a-s_rint.o)
 *(.eh_frame*)
 .eh_frame      0x00035270        0x0 c:/program files (x86)/gnu tools arm embedded/6 2017-q2-update/bin/../lib/gcc/arm-none-eabi/6.3.1/thumb/v7e-m/fpv4-sp/hard/crtbegin.o
 .eh_frame      0x00035270        0x4 c:/program files (x86)/gnu tools arm embedded/6 2017-q2-update/bin/../lib/gcc/arm-none-eabi/6.3.1/thumb/v7e-m/fpv4-sp/hard/crtend.o

.glue_7         0x00035274        0x0
 .glue_7        0x00035274        0x0 linker stubs

.glue_7t        0x00035274        0x0
 .glue_7t       0x00035274        0x0 linker stubs

.vfp11_veneer   0x00035274        0x0
 .vfp11_veneer  0x00035274        0x0 linker stubs

.v4_bx          0x00035274        0x0
 .v4_bx         0x00035274        0x0 linker stubs

.iplt           0x00035274        0x0
 .iplt          0x00035274        0x0 c:/program files (x86)/gnu tools arm embedded/6 2017-q2-update/bin/../lib/gcc/arm-none-eabi/6.3.1/thumb/v7e-m/fpv4-sp/hard/crtbegin.o

.pwr_mgmt_data  0x00035274        0x0
                0x00035274                PROVIDE (__start_pwr_mgmt_data, .)
 *(SORT(.pwr_mgmt_data*))
                0x00035274                PROVIDE (__stop_pwr_mgmt_data, .)

.log_const_data
                0x00035274       0x68
                0x00035274                PROVIDE (__start_log_const_data, .)
 *(.log_const_data)
 .log_const_data
                0x00035274        0x8 _build/nrf52832_xxaa/nrf_log_frontend.c.o
                0x00035274                m_nrf_log_app_logs_data_const
 .log_const_data
                0x0003527c        0x8 _build/nrf52832_xxaa/nrf_balloc.c.o
                0x0003527c                m_nrf_log_balloc_logs_data_const
 .log_const_data
                0x00035284        0x8 _build/nrf52832_xxaa/nrf_pwr_mgmt.c.o
                0x00035284                m_nrf_log_pwr_mgmt_logs_data_const
 .log_const_data
                0x0003528c        0x8 _build/nrf52832_xxaa/nrf_drv_clock.c.o
                0x0003528c                m_nrf_log_clock_logs_data_const
 .log_const_data
                0x00035294        0x8 _build/nrf52832_xxaa/nrf_drv_gpiote.c.o
                0x00035294                m_nrf_log_gpiote_logs_data_const
 .log_const_data
                0x0003529c        0x8 _build/nrf52832_xxaa/nrf_drv_twi.c.o
                0x0003529c                m_nrf_log_twi_logs_data_const
 .log_const_data
                0x000352a4        0x8 _build/nrf52832_xxaa/nrf_drv_uart.c.o
                0x000352a4                m_nrf_log_uart_logs_data_const
 .log_const_data
                0x000352ac        0x8 _build/nrf52832_xxaa/nrf_drv_pwm.c.o
                0x000352ac                m_nrf_log_pwm_logs_data_const
 .log_const_data
                0x000352b4        0x8 _build/nrf52832_xxaa/nrf_drv_timer.c.o
                0x000352b4                m_nrf_log_timer_logs_data_const
 .log_const_data
                0x000352bc        0x8 _build/nrf52832_xxaa/nrf_ble_gatt.c.o
                0x000352bc                m_nrf_log_ble_gatt_logs_data_const
 .log_const_data
                0x000352c4        0x8 _build/nrf52832_xxaa/nrf_sdh.c.o
                0x000352c4                m_nrf_log_nrf_sdh_logs_data_const
 .log_const_data
                0x000352cc        0x8 _build/nrf52832_xxaa/nrf_sdh_ble.c.o
                0x000352cc                m_nrf_log_nrf_sdh_ble_logs_data_const
 .log_const_data
                0x000352d4        0x8 _build/nrf52832_xxaa/nrf_sdh_soc.c.o
                0x000352d4                m_nrf_log_nrf_sdh_soc_logs_data_const
                0x000352dc                PROVIDE (__stop_log_const_data, .)

.cli_command    0x000352dc        0x0
                [!provide]                PROVIDE (__start_cli_command, .)
 *(.cli_command)
                [!provide]                PROVIDE (__stop_cli_command, .)

.sdh_stack_observers
                0x000352dc       0x10
                0x000352dc                PROVIDE (__start_sdh_stack_observers, .)
 *(SORT(.sdh_stack_observers*))
 .sdh_stack_observers0
                0x000352dc        0x8 _build/nrf52832_xxaa/nrf_sdh_ble.c.o
 .sdh_stack_observers0
                0x000352e4        0x8 _build/nrf52832_xxaa/nrf_sdh_soc.c.o
                0x000352ec                PROVIDE (__stop_sdh_stack_observers, .)

.sdh_req_observers
                0x000352ec        0x0
                0x000352ec                PROVIDE (__start_sdh_req_observers, .)
 *(SORT(.sdh_req_observers*))
                0x000352ec                PROVIDE (__stop_sdh_req_observers, .)

.sdh_state_observers
                0x000352ec        0x8
                0x000352ec                PROVIDE (__start_sdh_state_observers, .)
 *(SORT(.sdh_state_observers*))
 .sdh_state_observers0
                0x000352ec        0x8 _build/nrf52832_xxaa/nrf_drv_clock.c.o
                0x000352f4                PROVIDE (__stop_sdh_state_observers, .)

.sdh_ant_observers
                0x000352f4        0x0
                [!provide]                PROVIDE (__start_sdh_ant_observers, .)
 *(SORT(.sdh_ant_observers*))
                [!provide]                PROVIDE (__stop_sdh_ant_observers, .)

.sdh_ble_observers
                0x000352f4       0x30
                0x000352f4                PROVIDE (__start_sdh_ble_observers, .)
 *(SORT(.sdh_ble_observers*))
 .sdh_ble_observers0
                0x000352f4        0x8 _build/nrf52832_xxaa/ble_conn_state.c.o
 .sdh_ble_observers1
                0x000352fc        0x8 _build/nrf52832_xxaa/main.c.o
 .sdh_ble_observers2
                0x00035304       0x18 _build/nrf52832_xxaa/main.c.o
 .sdh_ble_observers2